Archive member included to satisfy reference by file (symbol)

c:/nxp/mcuxpressoide_10.3.1_2233/ide/plugins/com.nxp.mcuxpresso.tools.win32_10.3.0.201811011841/tools/bin/../lib/gcc/arm-none-eabi/7.3.1/../../../../arm-none-eabi/lib/thumb/v6-m\libcr_nohost_nf.a(_cr__main.o)
                              ./startup/startup_mkl25z4.o (__main)
c:/nxp/mcuxpressoide_10.3.1_2233/ide/plugins/com.nxp.mcuxpresso.tools.win32_10.3.0.201811011841/tools/bin/../lib/gcc/arm-none-eabi/7.3.1/../../../../arm-none-eabi/lib/thumb/v6-m\libcr_c.a(memcpy.o)
                              ./TraceRecorder/streamports/SEGGER_RTT.o (memcpy)
c:/nxp/mcuxpressoide_10.3.1_2233/ide/plugins/com.nxp.mcuxpresso.tools.win32_10.3.0.201811011841/tools/bin/../lib/gcc/arm-none-eabi/7.3.1/../../../../arm-none-eabi/lib/thumb/v6-m\libcr_c.a(memset.o)
                              ./FreeRTOS/stream_buffer.o (memset)
c:/nxp/mcuxpressoide_10.3.1_2233/ide/plugins/com.nxp.mcuxpresso.tools.win32_10.3.0.201811011841/tools/bin/../lib/gcc/arm-none-eabi/7.3.1/../../../../arm-none-eabi/lib/thumb/v6-m\libcr_c.a(fpprintf.o)
                              ./TraceRecorder/trcStreamingRecorder.o (vsnprintf)
c:/nxp/mcuxpressoide_10.3.1_2233/ide/plugins/com.nxp.mcuxpresso.tools.win32_10.3.0.201811011841/tools/bin/../lib/gcc/arm-none-eabi/7.3.1/../../../../arm-none-eabi/lib/thumb/v6-m\libcr_c.a(initio.o)
                              c:/nxp/mcuxpressoide_10.3.1_2233/ide/plugins/com.nxp.mcuxpresso.tools.win32_10.3.0.201811011841/tools/bin/../lib/gcc/arm-none-eabi/7.3.1/../../../../arm-none-eabi/lib/thumb/v6-m\libcr_nohost_nf.a(_cr__main.o) (_initio)
c:/nxp/mcuxpressoide_10.3.1_2233/ide/plugins/com.nxp.mcuxpresso.tools.win32_10.3.0.201811011841/tools/bin/../lib/gcc/arm-none-eabi/7.3.1/../../../../arm-none-eabi/lib/thumb/v6-m\libcr_c.a(printf.o)
                              c:/nxp/mcuxpressoide_10.3.1_2233/ide/plugins/com.nxp.mcuxpresso.tools.win32_10.3.0.201811011841/tools/bin/../lib/gcc/arm-none-eabi/7.3.1/../../../../arm-none-eabi/lib/thumb/v6-m\libcr_c.a(fpprintf.o) (__vfprintf)
c:/nxp/mcuxpressoide_10.3.1_2233/ide/plugins/com.nxp.mcuxpresso.tools.win32_10.3.0.201811011841/tools/bin/../lib/gcc/arm-none-eabi/7.3.1/../../../../arm-none-eabi/lib/thumb/v6-m\libcr_c.a(setvbuf.o)
                              c:/nxp/mcuxpressoide_10.3.1_2233/ide/plugins/com.nxp.mcuxpresso.tools.win32_10.3.0.201811011841/tools/bin/../lib/gcc/arm-none-eabi/7.3.1/../../../../arm-none-eabi/lib/thumb/v6-m\libcr_c.a(initio.o) (setvbuf)
c:/nxp/mcuxpressoide_10.3.1_2233/ide/plugins/com.nxp.mcuxpresso.tools.win32_10.3.0.201811011841/tools/bin/../lib/gcc/arm-none-eabi/7.3.1/../../../../arm-none-eabi/lib/thumb/v6-m\libcr_c.a(stdlib.o)
                              ./app/ctrl.o (abs)
c:/nxp/mcuxpressoide_10.3.1_2233/ide/plugins/com.nxp.mcuxpresso.tools.win32_10.3.0.201811011841/tools/bin/../lib/gcc/arm-none-eabi/7.3.1/../../../../arm-none-eabi/lib/thumb/v6-m\libcr_c.a(strcpy.o)
                              ./TraceRecorder/streamports/SEGGER_RTT.o (strcpy)
c:/nxp/mcuxpressoide_10.3.1_2233/ide/plugins/com.nxp.mcuxpresso.tools.win32_10.3.0.201811011841/tools/bin/../lib/gcc/arm-none-eabi/7.3.1/../../../../arm-none-eabi/lib/thumb/v6-m\libcr_c.a(strlen.o)
                              ./TraceRecorder/streamports/SEGGER_RTT.o (strlen)
c:/nxp/mcuxpressoide_10.3.1_2233/ide/plugins/com.nxp.mcuxpresso.tools.win32_10.3.0.201811011841/tools/bin/../lib/gcc/arm-none-eabi/7.3.1/../../../../arm-none-eabi/lib/thumb/v6-m\libcr_c.a(_deferredlazyseek.o)
                              c:/nxp/mcuxpressoide_10.3.1_2233/ide/plugins/com.nxp.mcuxpresso.tools.win32_10.3.0.201811011841/tools/bin/../lib/gcc/arm-none-eabi/7.3.1/../../../../arm-none-eabi/lib/thumb/v6-m\libcr_c.a(fpprintf.o) (__flsbuf)
c:/nxp/mcuxpressoide_10.3.1_2233/ide/plugins/com.nxp.mcuxpresso.tools.win32_10.3.0.201811011841/tools/bin/../lib/gcc/arm-none-eabi/7.3.1/../../../../arm-none-eabi/lib/thumb/v6-m\libcr_c.a(_fdopen.o)
                              c:/nxp/mcuxpressoide_10.3.1_2233/ide/plugins/com.nxp.mcuxpresso.tools.win32_10.3.0.201811011841/tools/bin/../lib/gcc/arm-none-eabi/7.3.1/../../../../arm-none-eabi/lib/thumb/v6-m\libcr_c.a(initio.o) (_fdopen)
c:/nxp/mcuxpressoide_10.3.1_2233/ide/plugins/com.nxp.mcuxpresso.tools.win32_10.3.0.201811011841/tools/bin/../lib/gcc/arm-none-eabi/7.3.1/../../../../arm-none-eabi/lib/thumb/v6-m\libcr_c.a(_fflush.o)
                              c:/nxp/mcuxpressoide_10.3.1_2233/ide/plugins/com.nxp.mcuxpresso.tools.win32_10.3.0.201811011841/tools/bin/../lib/gcc/arm-none-eabi/7.3.1/../../../../arm-none-eabi/lib/thumb/v6-m\libcr_c.a(_deferredlazyseek.o) (_fflush)
c:/nxp/mcuxpressoide_10.3.1_2233/ide/plugins/com.nxp.mcuxpresso.tools.win32_10.3.0.201811011841/tools/bin/../lib/gcc/arm-none-eabi/7.3.1/../../../../arm-none-eabi/lib/thumb/v6-m\libcr_c.a(_frexpl.o)
[...]
Memory Configuration

Name             Origin             Length             Attributes
PROGRAM_FLASH    0x00000000         0x00020000         xr
SRAM             0x1ffff000         0x00004000         xrw
*default*        0x00000000         0xffffffff

Linker script and memory map

LOAD ./startup/startup_mkl25z4.o
LOAD ./cmsis/system_MKL25Z4.o
LOAD ./bsp/bsp.o
LOAD ./bsp/mma.o
LOAD ./bsp/oled.o
LOAD ./app/accl.o
LOAD ./app/cam.o
LOAD ./app/ctrl.o
LOAD ./app/ctrl3.o
LOAD ./app/delay.o
LOAD ./app/display.o
LOAD ./app/exposition.o
LOAD ./app/main.o
LOAD ./app/printf-stdarg.o
LOAD ./TraceRecorder/streamports/SEGGER_RTT.o
LOAD ./TraceRecorder/streamports/trcStreamingPort.o
LOAD ./TraceRecorder/trcKernelPort.o
LOAD ./TraceRecorder/trcSnapshotRecorder.o
LOAD ./TraceRecorder/trcStreamingRecorder.o
LOAD ./FreeRTOS/portable/MemMang/heap_1.o
LOAD ./FreeRTOS/portable/GCC/ARM_CM0/port.o
LOAD ./FreeRTOS/croutine.o
LOAD ./FreeRTOS/event_groups.o
LOAD ./FreeRTOS/list.o
LOAD ./FreeRTOS/queue.o
LOAD ./FreeRTOS/stream_buffer.o
LOAD ./FreeRTOS/tasks.o
LOAD ./FreeRTOS/timers.o
START GROUP
LOAD c:/nxp/mcuxpressoide_10.3.1_2233/ide/plugins/com.nxp.mcuxpresso.tools.win32_10.3.0.201811011841/tools/bin/../lib/gcc/arm-none-eabi/7.3.1/../../../../arm-none-eabi/lib/thumb/v6-m\libcr_nohost_nf.a
LOAD c:/nxp/mcuxpressoide_10.3.1_2233/ide/plugins/com.nxp.mcuxpresso.tools.win32_10.3.0.201811011841/tools/bin/../lib/gcc/arm-none-eabi/7.3.1/../../../../arm-none-eabi/lib/thumb/v6-m\libcr_c.a
LOAD c:/nxp/mcuxpressoide_10.3.1_2233/ide/plugins/com.nxp.mcuxpresso.tools.win32_10.3.0.201811011841/tools/bin/../lib/gcc/arm-none-eabi/7.3.1/thumb/v6-m\libcr_eabihelpers.a
LOAD c:/nxp/mcuxpressoide_10.3.1_2233/ide/plugins/com.nxp.mcuxpresso.tools.win32_10.3.0.201811011841/tools/bin/../lib/gcc/arm-none-eabi/7.3.1/thumb/v6-m\libgcc.a
END GROUP
                0x00000000                __base_PROGRAM_FLASH = 0x0
                0x00000000                __base_Flash = 0x0
                0x00020000                __top_PROGRAM_FLASH = 0x20000
                0x00020000                __top_Flash = 0x20000
                0x1ffff000                __base_SRAM = 0x1ffff000
                0x1ffff000                __base_RAM = 0x1ffff000
                0x20003000                __top_SRAM = 0x20003000
                0x20003000                __top_RAM = 0x20003000

.text           0x00000000     0x9084
 FILL mask 0xff
                0x00000000                __vectors_start__ = ABSOLUTE (.)
 *(SORT_BY_ALIGNMENT(.isr_vector))
 .isr_vector    0x00000000       0xc0 ./startup/startup_mkl25z4.o
                0x00000000                g_pfnVectors
                0x00000000                __Vectors
                0x000000c0                . = ALIGN (0x4)
                0x000000c0                __section_table_start = .
                0x000000c0                __data_section_table = .
                0x000000c0        0x4 LONG 0x9084 LOADADDR (.data)
                0x000000c4        0x4 LONG 0x1ffff000 ADDR (.data)
                0x000000c8        0x4 LONG 0x14 SIZEOF (.data)
                0x000000cc                __data_section_table_end = .
                0x000000cc                __bss_section_table = .
                0x000000cc        0x4 LONG 0x1ffff020 ADDR (.bss)
                0x000000d0        0x4 LONG 0x35ec SIZEOF (.bss)
                0x000000d4                __bss_section_table_end = .
                0x000000d4                __section_table_end = .
 *(SORT_BY_ALIGNMENT(.after_vectors*))
 .after_vectors.reset
                0x000000d4       0x4c ./startup/startup_mkl25z4.o
                0x000000d4                ResetISR
 .after_vectors.init_data
                0x00000120       0x16 ./startup/startup_mkl25z4.o
                0x00000120                data_init
 .after_vectors.init_bss
                0x00000136       0x12 ./startup/startup_mkl25z4.o
                0x00000136                bss_init
 .after_vectors
                0x00000148      0x10c ./startup/startup_mkl25z4.o
                0x00000148                NMI_Handler
                0x0000014a                HardFault_Handler
                0x00000152                DMA0_DriverIRQHandler
                0x00000152                I2C0_DriverIRQHandler
                0x00000152                SPI1_DriverIRQHandler
                0x00000152                LPTMR0_DriverIRQHandler
                0x00000152                Reserved39_DriverIRQHandler
                0x00000152                PIT_DriverIRQHandler
                0x00000152                PORTD_DriverIRQHandler
                0x00000152                DMA2_DriverIRQHandler
                0x00000152                CMP0_DriverIRQHandler
                0x00000152                TPM2_DriverIRQHandler
                0x00000152                ADC0_DriverIRQHandler
                0x00000152                SPI0_DriverIRQHandler
                0x00000152                TSI0_DriverIRQHandler
                0x00000152                RTC_Seconds_DriverIRQHandler
                0x00000152                UART0_DriverIRQHandler
                0x00000152                I2C1_DriverIRQHandler
                0x00000152                LLWU_DriverIRQHandler
                0x00000152                MCG_DriverIRQHandler
                0x00000152                DMA1_DriverIRQHandler
                0x00000152                UART2_DriverIRQHandler
                0x00000152                UART1_DriverIRQHandler
                0x00000152                RTC_DriverIRQHandler
                0x00000152                FTFA_DriverIRQHandler
                0x00000152                IntDefaultHandler
                0x00000152                USB0_DriverIRQHandler
                0x00000152                DAC0_DriverIRQHandler
                0x00000152                TPM1_DriverIRQHandler
                0x00000152                LVD_LVW_DriverIRQHandler
                0x00000152                TPM0_DriverIRQHandler
                0x00000152                PORTA_DriverIRQHandler
                0x00000152                DMA3_DriverIRQHandler
                0x00000152                Reserved20_DriverIRQHandler
                0x00000152                Reserved45_DriverIRQHandler
                0x0000015c                DMA1_IRQHandler
                0x00000164                DMA2_IRQHandler
                0x0000016c                DMA3_IRQHandler
                0x00000174                Reserved20_IRQHandler
                0x0000017c                FTFA_IRQHandler
                0x00000184                LVD_LVW_IRQHandler
                0x0000018c                LLWU_IRQHandler
                0x00000194                I2C0_IRQHandler
                0x0000019c                I2C1_IRQHandler
                0x000001a4                SPI0_IRQHandler
                0x000001ac                SPI1_IRQHandler
                0x000001b4                UART0_IRQHandler
                0x000001bc                UART1_IRQHandler
                0x000001c4                UART2_IRQHandler
                0x000001cc                ADC0_IRQHandler
                0x000001d4                CMP0_IRQHandler
                0x000001dc                TPM0_IRQHandler
                0x000001e4                TPM1_IRQHandler
                0x000001ec                TPM2_IRQHandler
                0x000001f4                RTC_IRQHandler
                0x000001fc                RTC_Seconds_IRQHandler
                0x00000204                PIT_IRQHandler
                0x0000020c                Reserved39_IRQHandler
                0x00000214                USB0_IRQHandler
                0x0000021c                DAC0_IRQHandler
                0x00000224                TSI0_IRQHandler
                0x0000022c                MCG_IRQHandler
                0x00000234                LPTMR0_IRQHandler
                0x0000023c                Reserved45_IRQHandler
                0x0000024c                PORTD_IRQHandler
                0x00000400                . = 0x400
 *fill*         0x00000254      0x1ac ff
                0x00000400                PROVIDE (__FLASH_CONFIG_START__ = .)
 *(SORT_BY_ALIGNMENT(.FlashConfig))
 .FlashConfig   0x00000400       0x10 ./startup/startup_mkl25z4.o
                0x00000400                Flash_Config
                0x00000410                PROVIDE (__FLASH_CONFIG_END__ = .)
                0x00000001                ASSERT (! ((__FLASH_CONFIG_START__ == __FLASH_CONFIG_END__)), Linker Flash Config Support Enabled, but no .FlashConfig section provided within application)
 *(SORT_BY_ALIGNMENT(.text*))
 .text.vPortStartFirstTask
                0x00000410       0x38 ./FreeRTOS/portable/GCC/ARM_CM0/port.o
 *fill*         0x00000448        0x8 ff
 .text.PendSV_Handler
                0x00000450       0x48 ./FreeRTOS/portable/GCC/ARM_CM0/port.o
                0x00000450                PendSV_Handler
 .text.SystemInit
                0x00000498       0x18 ./cmsis/system_MKL25Z4.o
                0x00000498                SystemInit
 .text.SystemCoreClockUpdate
                0x000004b0      0x238 ./cmsis/system_MKL25Z4.o
                0x000004b0                SystemCoreClockUpdate
 .text.BSP_LED_Pin_Init
                0x000006e8       0xd8 ./bsp/bsp.o
                0x000006e8                BSP_LED_Pin_Init
 .text.BSP_LED_On
                0x000007c0       0xdc ./bsp/bsp.o
                0x000007c0                BSP_LED_On
 .text.BSP_DBG_Pin_Init
                0x0000089c       0x90 ./bsp/bsp.o
                0x0000089c                BSP_DBG_Pin_Init
 .text.BSP_Console_Init
                0x0000092c       0xe4 ./bsp/bsp.o
                0x0000092c                BSP_Console_Init
 .text.BSP_BT_Console_Init
                0x00000a10      0x150 ./bsp/bsp.o
                0x00000a10                BSP_BT_Console_Init
 .text.BSP_LPTMR0_Init
                0x00000b60       0xb4 ./bsp/bsp.o
                0x00000b60                BSP_LPTMR0_Init
 .text.BSP_TPM2_Init
                0x00000c14      0x104 ./bsp/bsp.o
                0x00000c14                BSP_TPM2_Init
 .text.BSP_TPM1_PWM_Init
                0x00000d18       0xd8 ./bsp/bsp.o
                0x00000d18                BSP_TPM1_PWM_Init
 .text.BSP_TPM0_PWM_Init
                0x00000df0      0x15c ./bsp/bsp.o
                0x00000df0                BSP_TPM0_PWM_Init
 .text.BSP_ADC_DMA_Init
                0x00000f4c      0x170 ./bsp/bsp.o
                0x00000f4c                BSP_ADC_DMA_Init
 .text.BSP_TSL1401_Pins_Init
                0x000010bc       0x5c ./bsp/bsp.o
                0x000010bc                BSP_TSL1401_Pins_Init
 .text.MMA8451_I2C_Init
                0x00001118       0xa0 ./bsp/mma.o
                0x00001118                MMA8451_I2C_Init
 .text.MMA8451_INT_Pin_Init
                0x000011b8       0x88 ./bsp/mma.o
                0x000011b8                MMA8451_INT_Pin_Init
 .text.MMA8451_ReadByte
                0x00001240      0x124 ./bsp/mma.o
                0x00001240                MMA8451_ReadByte
 .text.MMA8451_ReadNBytes
                0x00001364      0x1c0 ./bsp/mma.o
                0x00001364                MMA8451_ReadNBytes
 .text.MMA8451_WriteByte
                0x00001524       0xc8 ./bsp/mma.o
                0x00001524                MMA8451_WriteByte
 .text.BSP_OLED_SPI_Init
                0x000015ec      0x144 ./bsp/oled.o
                0x000015ec                BSP_OLED_SPI_Init
 .text.BSP_OLED_Reset
                0x00001730       0x20 ./bsp/oled.o
                0x00001730                BSP_OLED_Reset
 .text.BSP_OLED_SendStr
                0x00001750       0x68 ./bsp/oled.o
                0x00001750                BSP_OLED_SendStr
 .text.BSP_OLED_SendCommand
                0x000017b8       0x34 ./bsp/oled.o
                0x000017b8                BSP_OLED_SendCommand
 .text.BSP_OLED_SendData
                0x000017ec       0x34 ./bsp/oled.o
                0x000017ec                BSP_OLED_SendData
 .text.OLED_SPI_SendByte
                0x00001820       0x48 ./bsp/oled.o
 .text.NVIC_EnableIRQ
                0x00001868       0x2c ./app/accl.o
 .text.NVIC_SetPriority
                0x00001894       0xdc ./app/accl.o
 .text.vTaskACCL
                0x00001970       0xf4 ./app/accl.o
                0x00001970                vTaskACCL
 .text.PORTA_IRQHandler
                0x00001a64       0x54 ./app/accl.o
                0x00001a64                PORTA_IRQHandler
 .text.NVIC_EnableIRQ
                0x00001ab8       0x2c ./app/cam.o
 .text.NVIC_SetPriority
                0x00001ae4       0xdc ./app/cam.o
 .text.vTaskCAM
                0x00001bc0      0x28c ./app/cam.o
                0x00001bc0                vTaskCAM
 .text.DMA0_IRQHandler
                0x00001e4c       0x7c ./app/cam.o
                0x00001e4c                DMA0_IRQHandler
 .text.exposition_initCheck
                0x00001ec8      0x110 ./app/cam.o
 .text.findBlack
                0x00001fd8      0x110 ./app/cam.o
 .text.vTaskCTRL
                0x000020e8      0x6f8 ./app/ctrl.o
                0x000020e8                vTaskCTRL
 .text.delay_ms
                0x000027e0       0x2c ./app/delay.o
                0x000027e0                delay_ms
 .text.vTaskDISP
                0x0000280c      0x3c4 ./app/display.o
                0x0000280c                vTaskDISP
 .text.main     0x00002bd0      0x1b8 ./app/main.o
                0x00002bd0                main
 .text.vTaskHWM
                0x00002d88      0x284 ./app/main.o
                0x00002d88                vTaskHWM
 .text.SystemClock_Config
                0x0000300c      0x21c ./app/main.o
 .text.printchar
                0x00003228       0x48 ./app/printf-stdarg.o
 .text.print    0x00003270      0x1cc ./app/printf-stdarg.o
 .text._DoInit  0x0000343c       0xa0 ./TraceRecorder/streamports/SEGGER_RTT.o
 .text.SEGGER_RTT_ReadNoLock
                0x000034dc      0x104 ./TraceRecorder/streamports/SEGGER_RTT.o
                0x000034dc                SEGGER_RTT_ReadNoLock
 .text.SEGGER_RTT_WriteNoLock
                0x000035e0       0xac ./TraceRecorder/streamports/SEGGER_RTT.o
                0x000035e0                SEGGER_RTT_WriteNoLock
 .text.SEGGER_RTT_Write
                0x0000368c       0x48 ./TraceRecorder/streamports/SEGGER_RTT.o
                0x0000368c                SEGGER_RTT_Write
 .text.SEGGER_RTT_ConfigUpBuffer
                0x000036d4       0xd0 ./TraceRecorder/streamports/SEGGER_RTT.o
                0x000036d4                SEGGER_RTT_ConfigUpBuffer
 .text.SEGGER_RTT_ConfigDownBuffer
                0x000037a4       0xd0 ./TraceRecorder/streamports/SEGGER_RTT.o
                0x000037a4                SEGGER_RTT_ConfigDownBuffer
 .text.readFromRTT
                0x00003874       0x58 ./TraceRecorder/streamports/trcStreamingPort.o
                0x00003874                readFromRTT
 .text.vTraceEnable
                0x000038cc      0x108 ./TraceRecorder/trcKernelPort.o
                0x000038cc                vTraceEnable
 .text.prvIsNewTCB
                0x000039d4       0x2c ./TraceRecorder/trcKernelPort.o
                0x000039d4                prvIsNewTCB
 .text.prvCheckRecorderStatus
                0x00003a00       0xb4 ./TraceRecorder/trcKernelPort.o
 .text.xTraceGetLastError
                0x00003ab4       0x80 ./TraceRecorder/trcStreamingRecorder.o
                0x00003ab4                xTraceGetLastError
 .text.prvSetRecorderEnabled
                0x00003b34       0xac ./TraceRecorder/trcStreamingRecorder.o
 .text.prvTraceStoreSymbolTable
                0x00003be0       0xa4 ./TraceRecorder/trcStreamingRecorder.o
 .text.prvTraceStoreObjectDataTable
                0x00003c84       0xa0 ./TraceRecorder/trcStreamingRecorder.o
 .text.prvTraceStoreHeader
                0x00003d24       0xa0 ./TraceRecorder/trcStreamingRecorder.o
 .text.prvTraceStoreWarnings
                0x00003dc4       0x3c ./TraceRecorder/trcStreamingRecorder.o
 .text.prvTraceStoreEvent1
                0x00003e00       0xb0 ./TraceRecorder/trcStreamingRecorder.o
                0x00003e00                prvTraceStoreEvent1
 .text.prvTraceStoreEvent2
                0x00003eb0       0xbc ./TraceRecorder/trcStreamingRecorder.o
                0x00003eb0                prvTraceStoreEvent2
 .text.prvTraceStoreEvent3
                0x00003f6c       0xc4 ./TraceRecorder/trcStreamingRecorder.o
                0x00003f6c                prvTraceStoreEvent3
 .text.prvTraceStoreEvent
                0x00004030       0xec ./TraceRecorder/trcStreamingRecorder.o
                0x00004030                prvTraceStoreEvent
 .text.prvTraceStoreStringEventHelper
                0x0000411c      0x1fc ./TraceRecorder/trcStreamingRecorder.o
 .text.prvTraceStoreSimpleStringEventHelper
                0x00004318      0x200 ./TraceRecorder/trcStreamingRecorder.o
                0x00004318                prvTraceStoreSimpleStringEventHelper
 .text.prvTraceSaveSymbol
                0x00004518      0x118 ./TraceRecorder/trcStreamingRecorder.o
                0x00004518                prvTraceSaveSymbol
 .text.prvTraceSaveObjectData
                0x00004630       0xbc ./TraceRecorder/trcStreamingRecorder.o
                0x00004630                prvTraceSaveObjectData
 .text.prvTraceWarning
                0x000046ec       0x28 ./TraceRecorder/trcStreamingRecorder.o
                0x000046ec                prvTraceWarning
 .text.prvTraceError
                0x00004714       0x44 ./TraceRecorder/trcStreamingRecorder.o
                0x00004714                prvTraceError
 .text.prvGetTimestamp32
                0x00004758       0x2c ./TraceRecorder/trcStreamingRecorder.o
 .text.prvTraceStoreTSConfig
                0x00004784       0x40 ./TraceRecorder/trcStreamingRecorder.o
 .text.pvPortMalloc
                0x000047c4       0x8c ./FreeRTOS/portable/MemMang/heap_1.o
                0x000047c4                pvPortMalloc
 .text.xPortGetFreeHeapSize
                0x00004850       0x1c ./FreeRTOS/portable/MemMang/heap_1.o
                0x00004850                xPortGetFreeHeapSize
 .text.pxPortInitialiseStack
                0x0000486c       0x54 ./FreeRTOS/portable/GCC/ARM_CM0/port.o
                0x0000486c                pxPortInitialiseStack
 .text.prvTaskExitError
                0x000048c0       0x2c ./FreeRTOS/portable/GCC/ARM_CM0/port.o
 .text.xPortStartScheduler
                0x000048ec       0x48 ./FreeRTOS/portable/GCC/ARM_CM0/port.o
                0x000048ec                xPortStartScheduler
 .text.vPortYield
                0x00004934       0x20 ./FreeRTOS/portable/GCC/ARM_CM0/port.o
                0x00004934                vPortYield
 .text.vPortEnterCritical
                0x00004954       0x24 ./FreeRTOS/portable/GCC/ARM_CM0/port.o
                0x00004954                vPortEnterCritical
 .text.vPortExitCritical
                0x00004978       0x30 ./FreeRTOS/portable/GCC/ARM_CM0/port.o
                0x00004978                vPortExitCritical
 .text.SysTick_Handler
                0x000049a8       0x34 ./FreeRTOS/portable/GCC/ARM_CM0/port.o
                0x000049a8                SysTick_Handler
 .text.prvSetupTimerInterrupt
                0x000049dc       0x44 ./FreeRTOS/portable/GCC/ARM_CM0/port.o
 .text.xQueueGenericCreate
                0x00004a20       0xcc ./FreeRTOS/queue.o
                0x00004a20                xQueueGenericCreate
 .text.prvInitialiseNewQueue
                0x00004aec       0xe8 ./FreeRTOS/queue.o
 .text.xQueueGenericSend
                0x00004bd4      0x39c ./FreeRTOS/queue.o
                0x00004bd4                xQueueGenericSend
 .text.MyWrapper
                0x00004f70      0x184 ./FreeRTOS/queue.o
                0x00004f70                MyWrapper
 .text.xQueueSemaphoreTake
                0x000050f4      0x3a4 ./FreeRTOS/queue.o
                0x000050f4                xQueueSemaphoreTake
 .text.prvInitialiseNewTask
                0x00005498      0x104 ./FreeRTOS/tasks.o
 .text.prvAddNewTaskToReadyList
                0x0000559c      0x17c ./FreeRTOS/tasks.o
 .text.vTaskDelay
                0x00005718       0x74 ./FreeRTOS/tasks.o
                0x00005718                vTaskDelay
 .text.vTaskStartScheduler
                0x0000578c       0x6c ./FreeRTOS/tasks.o
                0x0000578c                vTaskStartScheduler
 .text.vTaskSuspendAll
                0x000057f8       0x18 ./FreeRTOS/tasks.o
                0x000057f8                vTaskSuspendAll
 .text.xTaskResumeAll
                0x00005810      0x140 ./FreeRTOS/tasks.o
                0x00005810                xTaskResumeAll
 .text.xTaskIncrementTick
                0x00005950      0x1ac ./FreeRTOS/tasks.o
                0x00005950                xTaskIncrementTick
 .text.vTaskSwitchContext
                0x00005afc       0xe4 ./FreeRTOS/tasks.o
                0x00005afc                vTaskSwitchContext
 .text.vTaskPlaceOnEventList
                0x00005be0       0x3c ./FreeRTOS/tasks.o
                0x00005be0                vTaskPlaceOnEventList
 .text.xTaskRemoveFromEventList
                0x00005c1c       0xe0 ./FreeRTOS/tasks.o
                0x00005c1c                xTaskRemoveFromEventList
 .text.vTaskInternalSetTimeOutState
                0x00005cfc       0x28 ./FreeRTOS/tasks.o
                0x00005cfc                vTaskInternalSetTimeOutState
 .text.xTaskCheckForTimeOut
                0x00005d24       0x94 ./FreeRTOS/tasks.o
                0x00005d24                xTaskCheckForTimeOut
 .text.vTaskMissedYield
                0x00005db8       0x14 ./FreeRTOS/tasks.o
                0x00005db8                vTaskMissedYield
 .text.prvIdleTask
                0x00005dcc       0x20 ./FreeRTOS/tasks.o
 .text.prvInitialiseTaskLists
                0x00005dec       0x70 ./FreeRTOS/tasks.o
 .text.uxTaskGetStackHighWaterMark
                0x00005e5c       0x38 ./FreeRTOS/tasks.o
                0x00005e5c                uxTaskGetStackHighWaterMark
 .text.prvResetNextTaskUnblockTime
                0x00005e94       0x48 ./FreeRTOS/tasks.o
 .text.xTaskGetCurrentTaskHandle
                0x00005edc       0x1c ./FreeRTOS/tasks.o
                0x00005edc                xTaskGetCurrentTaskHandle
 .text.xTaskGetSchedulerState
                0x00005ef8       0x38 ./FreeRTOS/tasks.o
                0x00005ef8                xTaskGetSchedulerState
 .text.xTaskPriorityInherit
                0x00005f30      0x148 ./FreeRTOS/tasks.o
                0x00005f30                xTaskPriorityInherit
 .text.xTaskPriorityDisinherit
                0x00006078      0x120 ./FreeRTOS/tasks.o
                0x00006078                xTaskPriorityDisinherit
 .text.vTaskPriorityDisinheritAfterTimeout
                0x00006198      0x158 ./FreeRTOS/tasks.o
                0x00006198                vTaskPriorityDisinheritAfterTimeout
 .text.pvTaskIncrementMutexHeldCount
                0x000062f0       0x24 ./FreeRTOS/tasks.o
                0x000062f0                pvTaskIncrementMutexHeldCount
 .text.prvAddCurrentTaskToDelayedList
                0x00006314       0x88 ./FreeRTOS/tasks.o
 .text._initio  0x0000639c       0x7c c:/nxp/mcuxpressoide_10.3.1_2233/ide/plugins/com.nxp.mcuxpresso.tools.win32_10.3.0.201811011841/tools/bin/../lib/gcc/arm-none-eabi/7.3.1/../../../../arm-none-eabi/lib/thumb/v6-m\libcr_c.a(initio.o)
                0x0000639c                _initio
 .text.setvbuf  0x00006418       0x48 c:/nxp/mcuxpressoide_10.3.1_2233/ide/plugins/com.nxp.mcuxpresso.tools.win32_10.3.0.201811011841/tools/bin/../lib/gcc/arm-none-eabi/7.3.1/../../../../arm-none-eabi/lib/thumb/v6-m\libcr_c.a(setvbuf.o)
                0x00006418                setvbuf
 .text.strcpy   0x00006460       0x44 c:/nxp/mcuxpressoide_10.3.1_2233/ide/plugins/com.nxp.mcuxpresso.tools.win32_10.3.0.201811011841/tools/bin/../lib/gcc/arm-none-eabi/7.3.1/../../../../arm-none-eabi/lib/thumb/v6-m\libcr_c.a(strcpy.o)
                0x00006460                strcpy
 .text.strlen   0x000064a4       0x58 c:/nxp/mcuxpressoide_10.3.1_2233/ide/plugins/com.nxp.mcuxpresso.tools.win32_10.3.0.201811011841/tools/bin/../lib/gcc/arm-none-eabi/7.3.1/../../../../arm-none-eabi/lib/thumb/v6-m\libcr_c.a(strlen.o)
                0x000064a4                strlen
 .text._deferredlazyseek
                0x000064fc       0x40 c:/nxp/mcuxpressoide_10.3.1_2233/ide/plugins/com.nxp.mcuxpresso.tools.win32_10.3.0.201811011841/tools/bin/../lib/gcc/arm-none-eabi/7.3.1/../../../../arm-none-eabi/lib/thumb/v6-m\libcr_c.a(_deferredlazyseek.o)
                0x000064fc                _deferredlazyseek
 .text._fdopen  0x0000653c       0x74 c:/nxp/mcuxpressoide_10.3.1_2233/ide/plugins/com.nxp.mcuxpresso.tools.win32_10.3.0.201811011841/tools/bin/../lib/gcc/arm-none-eabi/7.3.1/../../../../arm-none-eabi/lib/thumb/v6-m\libcr_c.a(_fdopen.o)
                0x0000653c                _fdopen
 .text._fflush  0x000065b0       0x5c c:/nxp/mcuxpressoide_10.3.1_2233/ide/plugins/com.nxp.mcuxpresso.tools.win32_10.3.0.201811011841/tools/bin/../lib/gcc/arm-none-eabi/7.3.1/../../../../arm-none-eabi/lib/thumb/v6-m\libcr_c.a(_fflush.o)
                0x000065b0                _fflush
 .text._Cwritebuf
                0x0000660c       0x68 c:/nxp/mcuxpressoide_10.3.1_2233/ide/plugins/com.nxp.mcuxpresso.tools.win32_10.3.0.201811011841/tools/bin/../lib/gcc/arm-none-eabi/7.3.1/../../../../arm-none-eabi/lib/thumb/v6-m\libcr_c.a(_writebuf.o)
                0x0000660c                _Cwritebuf
 .text.fclose   0x00006674       0x5c c:/nxp/mcuxpressoide_10.3.1_2233/ide/plugins/com.nxp.mcuxpresso.tools.win32_10.3.0.201811011841/tools/bin/../lib/gcc/arm-none-eabi/7.3.1/../../../../arm-none-eabi/lib/thumb/v6-m\libcr_c.a(fclose.o)
                0x00006674                fclose
 .text.fflush   0x000066d0       0x44 c:/nxp/mcuxpressoide_10.3.1_2233/ide/plugins/com.nxp.mcuxpresso.tools.win32_10.3.0.201811011841/tools/bin/../lib/gcc/arm-none-eabi/7.3.1/../../../../arm-none-eabi/lib/thumb/v6-m\libcr_c.a(fflush.o)
                0x000066d0                fflush
 .text.fseek    0x00006714       0xf0 c:/nxp/mcuxpressoide_10.3.1_2233/ide/plugins/com.nxp.mcuxpresso.tools.win32_10.3.0.201811011841/tools/bin/../lib/gcc/arm-none-eabi/7.3.1/../../../../arm-none-eabi/lib/thumb/v6-m\libcr_c.a(fseek.o)
                0x00006714                fseek
 .text.ftell    0x00006804       0x48 c:/nxp/mcuxpressoide_10.3.1_2233/ide/plugins/com.nxp.mcuxpresso.tools.win32_10.3.0.201811011841/tools/bin/../lib/gcc/arm-none-eabi/7.3.1/../../../../arm-none-eabi/lib/thumb/v6-m\libcr_c.a(ftell.o)
                0x00006804                ftell
 .text._do_fflush
                0x0000684c       0x44 c:/nxp/mcuxpressoide_10.3.1_2233/ide/plugins/com.nxp.mcuxpresso.tools.win32_10.3.0.201811011841/tools/bin/../lib/gcc/arm-none-eabi/7.3.1/../../../../arm-none-eabi/lib/thumb/v6-m\libcr_c.a(_do_fflush.o)
                0x0000684c                _do_fflush
 .text.__aeabi_dmul
                0x00006890      0x184 c:/nxp/mcuxpressoide_10.3.1_2233/ide/plugins/com.nxp.mcuxpresso.tools.win32_10.3.0.201811011841/tools/bin/../lib/gcc/arm-none-eabi/7.3.1/thumb/v6-m\libcr_eabihelpers.a(double.o)
                0x00006890                __aeabi_dmul
 .text.__aeabi_dsub
                0x00006a14      0x1bc c:/nxp/mcuxpressoide_10.3.1_2233/ide/plugins/com.nxp.mcuxpresso.tools.win32_10.3.0.201811011841/tools/bin/../lib/gcc/arm-none-eabi/7.3.1/thumb/v6-m\libcr_eabihelpers.a(double.o)
                0x00006a14                __aeabi_dsub
 .text.__aeabi_dadd
                0x00006bd0      0x128 c:/nxp/mcuxpressoide_10.3.1_2233/ide/plugins/com.nxp.mcuxpresso.tools.win32_10.3.0.201811011841/tools/bin/../lib/gcc/arm-none-eabi/7.3.1/thumb/v6-m\libcr_eabihelpers.a(double.o)
                0x00006bd0                __aeabi_dadd
 .text.__aeabi_d2uiz
                0x00006cf8       0x34 c:/nxp/mcuxpressoide_10.3.1_2233/ide/plugins/com.nxp.mcuxpresso.tools.win32_10.3.0.201811011841/tools/bin/../lib/gcc/arm-none-eabi/7.3.1/thumb/v6-m\libcr_eabihelpers.a(double.o)
                0x00006cf8                __aeabi_d2uiz
 .text.MMA8451_Init
                0x00006d2c       0xa4 ./bsp/mma.o
                0x00006d2c                MMA8451_Init
 .text.BSP_OLED_Init
                0x00006dd0      0x12e ./bsp/oled.o
                0x00006dd0                BSP_OLED_Init
 .text.BSP_OLED_Clear
                0x00006efe       0x56 ./bsp/oled.o
                0x00006efe                BSP_OLED_Clear
 .text.BSP_OLED_setXY
                0x00006f54       0x56 ./bsp/oled.o
                0x00006f54                BSP_OLED_setXY
 .text.BSP_OLED_SendBMP
                0x00006faa       0x94 ./bsp/oled.o
                0x00006faa                BSP_OLED_SendBMP
 .text.prints   0x0000703e       0xb0 ./app/printf-stdarg.o
 .text.printi   0x000070ee       0xf8 ./app/printf-stdarg.o
 .text.my_printf
                0x000071e6       0x2a ./app/printf-stdarg.o
                0x000071e6                my_printf
 .text.my_sprintf
                0x00007210       0x2c ./app/printf-stdarg.o
                0x00007210                my_sprintf
 .text._WriteBlocking
                0x0000723c       0xb4 ./TraceRecorder/streamports/SEGGER_RTT.o
 .text._WriteNoCheck
                0x000072f0       0x80 ./TraceRecorder/streamports/SEGGER_RTT.o
 .text._GetAvailWriteSpace
                0x00007370       0x42 ./TraceRecorder/streamports/SEGGER_RTT.o
 .text.SEGGER_RTT_Read
                0x000073b2       0x38 ./TraceRecorder/streamports/SEGGER_RTT.o
                0x000073b2                SEGGER_RTT_Read
 .text.writeToRTT
                0x000073ea       0x40 ./TraceRecorder/streamports/trcStreamingPort.o
                0x000073ea                writeToRTT
 .text.prvTraceGetQueueNumber
                0x0000742a       0x1a ./TraceRecorder/trcKernelPort.o
                0x0000742a                prvTraceGetQueueNumber
 .text.prvTraceGetTaskNumberHigh16
                0x00007444       0x1e ./TraceRecorder/trcKernelPort.o
                0x00007444                prvTraceGetTaskNumberHigh16
 .text.prvTraceSetTaskNumberHigh16
                0x00007462       0x36 ./TraceRecorder/trcKernelPort.o
                0x00007462                prvTraceSetTaskNumberHigh16
 .text.prvTraceGetQueueNumberHigh16
                0x00007498       0x1e ./TraceRecorder/trcKernelPort.o
                0x00007498                prvTraceGetQueueNumberHigh16
 .text.prvTraceSetQueueNumberHigh16
                0x000074b6       0x36 ./TraceRecorder/trcKernelPort.o
                0x000074b6                prvTraceSetQueueNumberHigh16
 .text.vTraceSetSemaphoreName
                0x000074ec       0x1e ./TraceRecorder/trcKernelPort.o
                0x000074ec                vTraceSetSemaphoreName
 .text.prvTraceGetCurrentTaskHandle
                0x0000750a       0x10 ./TraceRecorder/trcKernelPort.o
                0x0000750a                prvTraceGetCurrentTaskHandle
 .text.TzCtrl   0x0000751a       0x6a ./TraceRecorder/trcKernelPort.o
 .text.vTraceStoreKernelObjectName
                0x00007584       0x2a ./TraceRecorder/trcStreamingRecorder.o
                0x00007584                vTraceStoreKernelObjectName
 .text.xTraceRegisterString
                0x000075ae       0x2a ./TraceRecorder/trcStreamingRecorder.o
                0x000075ae                xTraceRegisterString
 .text.vTracePrint
                0x000075d8       0x1e ./TraceRecorder/trcStreamingRecorder.o
                0x000075d8                vTracePrint
 .text.vTracePrintF
                0x000075f6       0xbc ./TraceRecorder/trcStreamingRecorder.o
                0x000075f6                vTracePrintF
 .text.prvTraceStoreStringEvent
                0x000076b2       0x5c ./TraceRecorder/trcStreamingRecorder.o
                0x000076b2                prvTraceStoreStringEvent
 .text.prvIsValidCommand
                0x0000770e       0x88 ./TraceRecorder/trcStreamingRecorder.o
                0x0000770e                prvIsValidCommand
 .text.prvProcessCommand
                0x00007796       0x26 ./TraceRecorder/trcStreamingRecorder.o
                0x00007796                prvProcessCommand
 .text.vPortFree
                0x000077bc       0x1a ./FreeRTOS/portable/MemMang/heap_1.o
                0x000077bc                vPortFree
 .text.SVC_Handler
                0x000077d6        0xa ./FreeRTOS/portable/GCC/ARM_CM0/port.o
                0x000077d6                SVC_Handler
 .text.ulSetInterruptMaskFromISR
                0x000077e0        0xc ./FreeRTOS/portable/GCC/ARM_CM0/port.o
                0x000077e0                ulSetInterruptMaskFromISR
 .text.vClearInterruptMaskFromISR
                0x000077ec        0x8 ./FreeRTOS/portable/GCC/ARM_CM0/port.o
                0x000077ec                vClearInterruptMaskFromISR
 .text.vListInitialise
                0x000077f4       0x3c ./FreeRTOS/list.o
                0x000077f4                vListInitialise
 .text.vListInitialiseItem
                0x00007830       0x16 ./FreeRTOS/list.o
                0x00007830                vListInitialiseItem
 .text.vListInsertEnd
                0x00007846       0x44 ./FreeRTOS/list.o
                0x00007846                vListInsertEnd
 .text.vListInsert
                0x0000788a       0x6c ./FreeRTOS/list.o
                0x0000788a                vListInsert
 .text.uxListRemove
                0x000078f6       0x50 ./FreeRTOS/list.o
                0x000078f6                uxListRemove
 .text.xQueueGenericReset
                0x00007946       0xa8 ./FreeRTOS/queue.o
                0x00007946                xQueueGenericReset
 .text.xQueueGiveFromISR
                0x000079ee       0x20 ./FreeRTOS/queue.o
                0x000079ee                xQueueGiveFromISR
 .text.uxQueueGetQueueNumber
                0x00007a0e       0x14 ./FreeRTOS/queue.o
                0x00007a0e                uxQueueGetQueueNumber
 .text.vQueueSetQueueNumber
                0x00007a22       0x18 ./FreeRTOS/queue.o
                0x00007a22                vQueueSetQueueNumber
 .text.prvGetDisinheritPriorityAfterTimeout
                0x00007a3a       0x2c ./FreeRTOS/queue.o
 .text.prvCopyDataToQueue
                0x00007a66       0xd6 ./FreeRTOS/queue.o
 .text.prvUnlockQueue
                0x00007b3c       0xbc ./FreeRTOS/queue.o
 .text.prvIsQueueEmpty
                0x00007bf8       0x2c ./FreeRTOS/queue.o
 .text.prvIsQueueFull
                0x00007c24       0x30 ./FreeRTOS/queue.o
 .text.xTaskCreate
                0x00007c54       0x90 ./FreeRTOS/tasks.o
                0x00007c54                xTaskCreate
 .text.uxTaskGetTaskNumber
                0x00007ce4       0x28 ./FreeRTOS/tasks.o
                0x00007ce4                uxTaskGetTaskNumber
 .text.vTaskSetTaskNumber
                0x00007d0c       0x22 ./FreeRTOS/tasks.o
                0x00007d0c                vTaskSetTaskNumber
 .text.prvCheckTasksWaitingTermination
                0x00007d2e        0xa ./FreeRTOS/tasks.o
 .text.prvTaskCheckFreeStackSpace
                0x00007d38       0x34 ./FreeRTOS/tasks.o
 .text.__main   0x00007d6c        0xc c:/nxp/mcuxpressoide_10.3.1_2233/ide/plugins/com.nxp.mcuxpresso.tools.win32_10.3.0.201811011841/tools/bin/../lib/gcc/arm-none-eabi/7.3.1/../../../../arm-none-eabi/lib/thumb/v6-m\libcr_nohost_nf.a(_cr__main.o)
                0x00007d6c                __main
 .text.memcpy   0x00007d78        0x8 c:/nxp/mcuxpressoide_10.3.1_2233/ide/plugins/com.nxp.mcuxpresso.tools.win32_10.3.0.201811011841/tools/bin/../lib/gcc/arm-none-eabi/7.3.1/../../../../arm-none-eabi/lib/thumb/v6-m\libcr_c.a(memcpy.o)
                0x00007d78                memcpy
 .text.memset   0x00007d80        0x8 c:/nxp/mcuxpressoide_10.3.1_2233/ide/plugins/com.nxp.mcuxpresso.tools.win32_10.3.0.201811011841/tools/bin/../lib/gcc/arm-none-eabi/7.3.1/../../../../arm-none-eabi/lib/thumb/v6-m\libcr_c.a(memset.o)
                0x00007d80                memset
 .text.abs      0x00007d88        0x8 c:/nxp/mcuxpressoide_10.3.1_2233/ide/plugins/com.nxp.mcuxpresso.tools.win32_10.3.0.201811011841/tools/bin/../lib/gcc/arm-none-eabi/7.3.1/../../../../arm-none-eabi/lib/thumb/v6-m\libcr_c.a(stdlib.o)
                0x00007d88                abs
 .text.free     0x00007d90       0x2c c:/nxp/mcuxpressoide_10.3.1_2233/ide/plugins/com.nxp.mcuxpresso.tools.win32_10.3.0.201811011841/tools/bin/../lib/gcc/arm-none-eabi/7.3.1/../../../../arm-none-eabi/lib/thumb/v6-m\libcr_c.a(alloc.o)
                0x00007d90                free
 .text.remove   0x00007dbc       0x12 c:/nxp/mcuxpressoide_10.3.1_2233/ide/plugins/com.nxp.mcuxpresso.tools.win32_10.3.0.201811011841/tools/bin/../lib/gcc/arm-none-eabi/7.3.1/../../../../arm-none-eabi/lib/thumb/v6-m\libcr_c.a(remove.o)
                0x00007dbc                remove
 .text.__aeabi_division_idivmod
                0x00007dce       0x78 c:/nxp/mcuxpressoide_10.3.1_2233/ide/plugins/com.nxp.mcuxpresso.tools.win32_10.3.0.201811011841/tools/bin/../lib/gcc/arm-none-eabi/7.3.1/thumb/v6-m\libcr_eabihelpers.a(division_32.o)
                0x00007dce                __aeabi_idivmod
                0x00007dce                __aeabi_idiv
                0x00007dd4                __aeabi_uidivmod
                0x00007dd4                __aeabi_uidiv
 .text.__aeabi_division_idiv0
                0x00007e46        0x2 c:/nxp/mcuxpressoide_10.3.1_2233/ide/plugins/com.nxp.mcuxpresso.tools.win32_10.3.0.201811011841/tools/bin/../lib/gcc/arm-none-eabi/7.3.1/thumb/v6-m\libcr_eabihelpers.a(division_idiv0.o)
                0x00007e46                __aeabi_idiv0
 .text.__bhs_ui2d
                0x00007e48       0x5e c:/nxp/mcuxpressoide_10.3.1_2233/ide/plugins/com.nxp.mcuxpresso.tools.win32_10.3.0.201811011841/tools/bin/../lib/gcc/arm-none-eabi/7.3.1/thumb/v6-m\libcr_eabihelpers.a(double.o)
                0x00007e48                __bhs_ui2d
 .text.__aeabi_i2d
                0x00007ea6       0x18 c:/nxp/mcuxpressoide_10.3.1_2233/ide/plugins/com.nxp.mcuxpresso.tools.win32_10.3.0.201811011841/tools/bin/../lib/gcc/arm-none-eabi/7.3.1/thumb/v6-m\libcr_eabihelpers.a(double.o)
                0x00007ea6                __aeabi_i2d
 .text.__aeabi_llong_lmul
                0x00007ebe       0x2e c:/nxp/mcuxpressoide_10.3.1_2233/ide/plugins/com.nxp.mcuxpresso.tools.win32_10.3.0.201811011841/tools/bin/../lib/gcc/arm-none-eabi/7.3.1/thumb/v6-m\libcr_eabihelpers.a(llong.o)
                0x00007ebe                __aeabi_lmul
 .text.__aeabi_memcpy
                0x00007eec       0x2c c:/nxp/mcuxpressoide_10.3.1_2233/ide/plugins/com.nxp.mcuxpresso.tools.win32_10.3.0.201811011841/tools/bin/../lib/gcc/arm-none-eabi/7.3.1/thumb/v6-m\libcr_eabihelpers.a(memcpy.o)
                0x00007eec                __aeabi_memcpy4
                0x00007eec                __aeabi_memcpy8
                0x00007eec                __aeabi_memcpy
 .text.__aeabi_memset_lowlevel
                0x00007f18       0x2a c:/nxp/mcuxpressoide_10.3.1_2233/ide/plugins/com.nxp.mcuxpresso.tools.win32_10.3.0.201811011841/tools/bin/../lib/gcc/arm-none-eabi/7.3.1/thumb/v6-m\libcr_eabihelpers.a(memcpy.o)
                0x00007f18                __aeabi_lowlevel_memset
 .text.__sys_close
                0x00007f42        0x6 c:/nxp/mcuxpressoide_10.3.1_2233/ide/plugins/com.nxp.mcuxpresso.tools.win32_10.3.0.201811011841/tools/bin/../lib/gcc/arm-none-eabi/7.3.1/../../../../arm-none-eabi/lib/thumb/v6-m\libcr_nohost_nf.a(__sys_close.o)
                0x00007f42                __sys_close
 .text.__sys_flen
                0x00007f48        0x6 c:/nxp/mcuxpressoide_10.3.1_2233/ide/plugins/com.nxp.mcuxpresso.tools.win32_10.3.0.201811011841/tools/bin/../lib/gcc/arm-none-eabi/7.3.1/../../../../arm-none-eabi/lib/thumb/v6-m\libcr_nohost_nf.a(__sys_flen.o)
                0x00007f48                __sys_flen
 .text.__sys_istty
                0x00007f4e        0x6 c:/nxp/mcuxpressoide_10.3.1_2233/ide/plugins/com.nxp.mcuxpresso.tools.win32_10.3.0.201811011841/tools/bin/../lib/gcc/arm-none-eabi/7.3.1/../../../../arm-none-eabi/lib/thumb/v6-m\libcr_nohost_nf.a(__sys_istty.o)
                0x00007f4e                __sys_istty
 .text.__sys_remove
                0x00007f54        0x6 c:/nxp/mcuxpressoide_10.3.1_2233/ide/plugins/com.nxp.mcuxpresso.tools.win32_10.3.0.201811011841/tools/bin/../lib/gcc/arm-none-eabi/7.3.1/../../../../arm-none-eabi/lib/thumb/v6-m\libcr_nohost_nf.a(__sys_remove.o)
                0x00007f54                __sys_remove
 .text.__sys_seek
                0x00007f5a        0x6 c:/nxp/mcuxpressoide_10.3.1_2233/ide/plugins/com.nxp.mcuxpresso.tools.win32_10.3.0.201811011841/tools/bin/../lib/gcc/arm-none-eabi/7.3.1/../../../../arm-none-eabi/lib/thumb/v6-m\libcr_nohost_nf.a(__sys_seek.o)
                0x00007f5a                __sys_seek
 .text.__sys_tmpnam
                0x00007f60        0x6 c:/nxp/mcuxpressoide_10.3.1_2233/ide/plugins/com.nxp.mcuxpresso.tools.win32_10.3.0.201811011841/tools/bin/../lib/gcc/arm-none-eabi/7.3.1/../../../../arm-none-eabi/lib/thumb/v6-m\libcr_nohost_nf.a(__sys_tmpnam.o)
                0x00007f60                __sys_tmpnam
 .text.__sys_write
                0x00007f66        0x4 c:/nxp/mcuxpressoide_10.3.1_2233/ide/plugins/com.nxp.mcuxpresso.tools.win32_10.3.0.201811011841/tools/bin/../lib/gcc/arm-none-eabi/7.3.1/../../../../arm-none-eabi/lib/thumb/v6-m\libcr_nohost_nf.a(__sys_write.o)
                0x00007f66                __sys_write
 *(SORT_BY_ALIGNMENT(.rodata) SORT_BY_ALIGNMENT(.rodata.*) SORT_BY_ALIGNMENT(.constdata) SORT_BY_ALIGNMENT(.constdata.*))
 *fill*         0x00007f6a        0x2 ff
 .rodata.BSP_LED_On
                0x00007f6c       0x1c ./bsp/bsp.o
 .rodata.font5x8
                0x00007f88      0x4fb ./bsp/oled.o
                0x00007f88                font5x8
 *fill*         0x00008483        0x1 ff
 .rodata        0x00008484       0x4a ./app/accl.o
 *fill*         0x000084ce        0x2 ff
 .rodata        0x000084d0       0x72 ./app/cam.o
 *fill*         0x00008542        0x2 ff
 .rodata        0x00008544       0x15 ./app/ctrl.o
 *fill*         0x00008559        0x3 ff
 .rodata.plut   0x0000855c       0x80 ./app/display.o
                0x0000855c                plut
 .rodata        0x000085dc        0xc ./app/display.o
 .rodata.splash
                0x000085e8      0x400 ./app/main.o
                0x000085e8                splash
 .rodata        0x000089e8      0x19d ./app/main.o
 *fill*         0x00008b85        0x3 ff
 .rodata        0x00008b88        0x7 ./app/printf-stdarg.o
 *fill*         0x00008b8f        0x1 ff
 .rodata        0x00008b90       0x17 ./TraceRecorder/streamports/SEGGER_RTT.o
 *fill*         0x00008ba7        0x1 ff
 .rodata        0x00008ba8       0x27 ./TraceRecorder/trcKernelPort.o
 *fill*         0x00008bcf        0x1 ff
 .rodata        0x00008bd0      0x258 ./TraceRecorder/trcStreamingRecorder.o
 .rodata.xTraceGetLastError
                0x00008e28      0x1ac ./TraceRecorder/trcStreamingRecorder.o
 .rodata.xQueueGenericSend
                0x00008fd4       0x50 ./FreeRTOS/queue.o
 .rodata.xQueueSemaphoreTake
                0x00009024       0x50 ./FreeRTOS/queue.o
 .rodata        0x00009074        0x5 ./FreeRTOS/tasks.o
 *fill*         0x00009079        0x3 ff
 .rodata.__num_Ciob_streams
                0x0000907c        0x4 c:/nxp/mcuxpressoide_10.3.1_2233/ide/plugins/com.nxp.mcuxpresso.tools.win32_10.3.0.201811011841/tools/bin/../lib/gcc/arm-none-eabi/7.3.1/../../../../arm-none-eabi/lib/thumb/v6-m\libcr_nohost_nf.a(__ciob.o)
                0x0000907c                __num_Ciob_streams
 .rodata._initio.str1.1
                0x00009080        0x4 c:/nxp/mcuxpressoide_10.3.1_2233/ide/plugins/com.nxp.mcuxpresso.tools.win32_10.3.0.201811011841/tools/bin/../lib/gcc/arm-none-eabi/7.3.1/../../../../arm-none-eabi/lib/thumb/v6-m\libcr_c.a(initio.o)
                0x00009084                . = ALIGN (0x4)

.glue_7         0x00009084        0x0
 .glue_7        0x00009084        0x0 linker stubs

.glue_7t        0x00009084        0x0
 .glue_7t       0x00009084        0x0 linker stubs

.vfp11_veneer   0x00009084        0x0
 .vfp11_veneer  0x00009084        0x0 linker stubs

.v4_bx          0x00009084        0x0
 .v4_bx         0x00009084        0x0 linker stubs

.iplt           0x00009084        0x0
 .iplt          0x00009084        0x0 ./startup/startup_mkl25z4.o

.rel.dyn        0x00009084        0x0
 .rel.iplt      0x00009084        0x0 ./startup/startup_mkl25z4.o

.ARM.extab
 *(SORT_BY_ALIGNMENT(.ARM.extab*) SORT_BY_ALIGNMENT(.gnu.linkonce.armextab.*))
                0x00009084                __exidx_start = .

.ARM.exidx
 *(SORT_BY_ALIGNMENT(.ARM.exidx*) SORT_BY_ALIGNMENT(.gnu.linkonce.armexidx.*))
                0x00009084                __exidx_end = .
                0x00009084                _etext = .

.m_usb_data
 *(SORT_BY_ALIGNMENT(m_usb_bdt))

.mtb_buffer_default
 *(SORT_BY_ALIGNMENT(.mtb*))

.uninit_RESERVED
                0x1ffff000        0x0
 *(SORT_BY_ALIGNMENT(.bss.$RESERVED*))
                0x1ffff000                . = ALIGN (0x4)
                0x1ffff000                _end_uninit_RESERVED = .

.data           0x1ffff000       0x14 load address 0x00009084
 FILL mask 0xff
                0x1ffff000                _data = .
 *(SORT_BY_ALIGNMENT(vtable))
 *(SORT_BY_ALIGNMENT(.ramfunc*))
 *(SORT_BY_ALIGNMENT(.data*))
 .data.SystemCoreClock
                0x1ffff000        0x4 ./cmsis/system_MKL25Z4.o
                0x1ffff000                SystemCoreClock
 .data.PSFEndianessIdentifier
                0x1ffff004        0x4 ./TraceRecorder/trcStreamingRecorder.o
 .data.uxCriticalNesting
                0x1ffff008        0x4 ./FreeRTOS/portable/GCC/ARM_CM0/port.o
 .data.FormatVersion
                0x1ffff00c        0x2 ./TraceRecorder/trcStreamingRecorder.o
 .data.CurrentFilterMask
                0x1ffff00e        0x2 ./TraceRecorder/trcStreamingRecorder.o
                0x1ffff00e                CurrentFilterMask
 .data.CurrentFilterGroup
                0x1ffff010        0x2 ./TraceRecorder/trcStreamingRecorder.o
                0x1ffff010                CurrentFilterGroup
 .data.ISR_stack_index
                0x1ffff012        0x1 ./TraceRecorder/trcStreamingRecorder.o
                0x1ffff014                . = ALIGN (0x4)
 *fill*         0x1ffff013        0x1 ff
                0x1ffff014                _edata = .

.igot.plt       0x1ffff014        0x0 load address 0x00009098
 .igot.plt      0x1ffff014        0x0 ./startup/startup_mkl25z4.o

.bss            0x1ffff020     0x35ec load address 0x00009098
                0x1ffff020                _bss = .
 *(SORT_BY_ALIGNMENT(.bss*))
 .bss.tls_buffer_A
                0x1ffff020      0x400 ./app/cam.o
                0x1ffff020                tls_buffer_A
 .bss.tls_buffer_B
                0x1ffff420      0x400 ./app/cam.o
                0x1ffff420                tls_buffer_B
 .bss.vTaskACCL_handle
                0x1ffff820        0x4 ./app/accl.o
                0x1ffff820                vTaskACCL_handle
 .bss.xACCLSem  0x1ffff824        0x4 ./app/accl.o
                0x1ffff824                xACCLSem
 .bss.vTaskCAM_handle
                0x1ffff828        0x4 ./app/cam.o
                0x1ffff828                vTaskCAM_handle
 .bss.xCAMSem   0x1ffff82c        0x4 ./app/cam.o
                0x1ffff82c                xCAMSem
 .bss.vTaskCTRL_handle
                0x1ffff830        0x4 ./app/ctrl.o
                0x1ffff830                vTaskCTRL_handle
 .bss.vTaskDISP_handle
                0x1ffff834        0x4 ./app/display.o
                0x1ffff834                vTaskDISP_handle
 .bss.xDISPSem  0x1ffff838        0x4 ./app/display.o
                0x1ffff838                xDISPSem
 .bss.waveform  0x1ffff83c       0x80 ./app/display.o
                0x1ffff83c                waveform
 .bss.tx_buffer
                0x1ffff8bc       0x15 ./app/display.o
                0x1ffff8bc                tx_buffer
 *fill*         0x1ffff8d1        0x3 
 .bss.g_speed_com_sp
                0x1ffff8d4        0x4 ./app/main.o
                0x1ffff8d4                g_speed_com_sp
 .bss.g_speed_sp
                0x1ffff8d8        0x8 ./app/main.o
                0x1ffff8d8                g_speed_sp
 .bss.g_speed   0x1ffff8e0        0x8 ./app/main.o
                0x1ffff8e0                g_speed
 .bss.g_speed_err
                0x1ffff8e8        0x8 ./app/main.o
                0x1ffff8e8                g_speed_err
 .bss.g_speed_int
                0x1ffff8f0        0x8 ./app/main.o
                0x1ffff8f0                g_speed_int
 .bss.g_speed_cmd
                0x1ffff8f8        0x8 ./app/main.o
                0x1ffff8f8                g_speed_cmd
 .bss.g_delta   0x1ffff900        0x4 ./app/main.o
                0x1ffff900                g_delta
 .bss.g_error_n
                0x1ffff904        0x4 ./app/main.o
                0x1ffff904                g_error_n
 .bss.g_steering_kp
                0x1ffff908        0x4 ./app/main.o
                0x1ffff908                g_steering_kp
 .bss.g_pcam_buffer
                0x1ffff90c        0x4 ./app/main.o
                0x1ffff90c                g_pcam_buffer
 .bss.vTaskHWM_handle
                0x1ffff910        0x4 ./app/main.o
                0x1ffff910                vTaskHWM_handle
 .bss._SEGGER_RTT
                0x1ffff914       0xa8 ./TraceRecorder/streamports/SEGGER_RTT.o
                0x1ffff914                _SEGGER_RTT
 .bss._acUpBuffer
                0x1ffff9bc      0x400 ./TraceRecorder/streamports/SEGGER_RTT.o
 .bss._acDownBuffer
                0x1ffffdbc       0x10 ./TraceRecorder/streamports/SEGGER_RTT.o
 .bss.pCurrentTCB
                0x1ffffdcc        0x4 ./TraceRecorder/trcKernelPort.o
 .bss.HandleTzCtrl
                0x1ffffdd0        0x4 ./TraceRecorder/trcKernelPort.o
 .bss.NoRoomForSymbol_last
                0x1ffffdd4        0x4 ./TraceRecorder/trcKernelPort.o
 .bss.NoRoomForObjectData_last
                0x1ffffdd8        0x4 ./TraceRecorder/trcKernelPort.o
 .bss.LongestSymbolName_last
                0x1ffffddc        0x4 ./TraceRecorder/trcKernelPort.o
 .bss.MaxBytesTruncated_last
                0x1ffffde0        0x4 ./TraceRecorder/trcKernelPort.o
 .bss.trcWarningChannel
                0x1ffffde4        0x4 ./TraceRecorder/trcKernelPort.o
                0x1ffffde4                trcWarningChannel
 .bss._TzTraceData
                0x1ffffde8      0x7d0 ./TraceRecorder/trcKernelPort.o
                0x1ffffde8                _TzTraceData
 .bss._TzCtrlData
                0x200005b8       0x20 ./TraceRecorder/trcKernelPort.o
 .bss.symbolTable
                0x200005d8      0x500 ./TraceRecorder/trcStreamingRecorder.o
 .bss.firstFreeSymbolTableIndex
                0x20000ad8        0x4 ./TraceRecorder/trcStreamingRecorder.o
 .bss.objectDataTable
                0x20000adc      0x140 ./TraceRecorder/trcStreamingRecorder.o
 .bss.firstFreeObjectDataTableIndex
                0x20000c1c        0x4 ./TraceRecorder/trcStreamingRecorder.o
 .bss.errorCode
                0x20000c20        0x4 ./TraceRecorder/trcStreamingRecorder.o
 .bss.SessionCounter
                0x20000c24        0x4 ./TraceRecorder/trcStreamingRecorder.o
 .bss.RecorderEnabled
                0x20000c28        0x4 ./TraceRecorder/trcStreamingRecorder.o
                0x20000c28                RecorderEnabled
 .bss.eventCounter
                0x20000c2c        0x4 ./TraceRecorder/trcStreamingRecorder.o
 .bss.uiTraceTickCount
                0x20000c30        0x4 ./TraceRecorder/trcStreamingRecorder.o
                0x20000c30                uiTraceTickCount
 .bss.timestampFrequency
                0x20000c34        0x4 ./TraceRecorder/trcStreamingRecorder.o
                0x20000c34                timestampFrequency
 .bss.NoRoomForSymbol
                0x20000c38        0x4 ./TraceRecorder/trcStreamingRecorder.o
                0x20000c38                NoRoomForSymbol
 .bss.NoRoomForObjectData
                0x20000c3c        0x4 ./TraceRecorder/trcStreamingRecorder.o
                0x20000c3c                NoRoomForObjectData
 .bss.LongestSymbolName
                0x20000c40        0x4 ./TraceRecorder/trcStreamingRecorder.o
                0x20000c40                LongestSymbolName
 .bss.MaxBytesTruncated
                0x20000c44        0x4 ./TraceRecorder/trcStreamingRecorder.o
                0x20000c44                MaxBytesTruncated
 .bss.ucHeap    0x20000c48     0x1800 ./FreeRTOS/portable/MemMang/heap_1.o
 .bss.xNextFreeByte
                0x20002448        0x4 ./FreeRTOS/portable/MemMang/heap_1.o
 .bss.pucAlignedHeap.5229
                0x2000244c        0x4 ./FreeRTOS/portable/MemMang/heap_1.o
 .bss.pxCurrentTCB
                0x20002450        0x4 ./FreeRTOS/tasks.o
                0x20002450                pxCurrentTCB
 .bss.pxReadyTasksLists
                0x20002454       0x78 ./FreeRTOS/tasks.o
 .bss.xDelayedTaskList1
                0x200024cc       0x14 ./FreeRTOS/tasks.o
 .bss.xDelayedTaskList2
                0x200024e0       0x14 ./FreeRTOS/tasks.o
 .bss.pxDelayedTaskList
                0x200024f4        0x4 ./FreeRTOS/tasks.o
 .bss.pxOverflowDelayedTaskList
                0x200024f8        0x4 ./FreeRTOS/tasks.o
 .bss.xPendingReadyList
                0x200024fc       0x14 ./FreeRTOS/tasks.o
 .bss.uxCurrentNumberOfTasks
                0x20002510        0x4 ./FreeRTOS/tasks.o
 .bss.xTickCount
                0x20002514        0x4 ./FreeRTOS/tasks.o
 .bss.uxTopReadyPriority
                0x20002518        0x4 ./FreeRTOS/tasks.o
 .bss.xSchedulerRunning
                0x2000251c        0x4 ./FreeRTOS/tasks.o
 .bss.uxPendedTicks
                0x20002520        0x4 ./FreeRTOS/tasks.o
 .bss.xYieldPending
                0x20002524        0x4 ./FreeRTOS/tasks.o
 .bss.xNumOfOverflows
                0x20002528        0x4 ./FreeRTOS/tasks.o
 .bss.uxTaskNumber
                0x2000252c        0x4 ./FreeRTOS/tasks.o
 .bss.xNextTaskUnblockTime
                0x20002530        0x4 ./FreeRTOS/tasks.o
 .bss.xIdleTaskHandle
                0x20002534        0x4 ./FreeRTOS/tasks.o
 .bss.uxSchedulerSuspended
                0x20002538        0x4 ./FreeRTOS/tasks.o
 .bss.errno     0x2000253c        0x4 c:/nxp/mcuxpressoide_10.3.1_2233/ide/plugins/com.nxp.mcuxpresso.tools.win32_10.3.0.201811011841/tools/bin/../lib/gcc/arm-none-eabi/7.3.1/../../../../arm-none-eabi/lib/thumb/v6-m\libcr_c.a(errno.o)
                0x2000253c                errno
 .bss.__Ciob    0x20002540       0xb4 c:/nxp/mcuxpressoide_10.3.1_2233/ide/plugins/com.nxp.mcuxpresso.tools.win32_10.3.0.201811011841/tools/bin/../lib/gcc/arm-none-eabi/7.3.1/../../../../arm-none-eabi/lib/thumb/v6-m\libcr_nohost_nf.a(__ciob.o)
                0x20002540                __Ciob
 .bss.accl_x    0x200025f4        0x2 ./app/accl.o
                0x200025f4                accl_x
 .bss.accl_y    0x200025f6        0x2 ./app/accl.o
                0x200025f6                accl_y
 .bss.accl_z    0x200025f8        0x2 ./app/accl.o
                0x200025f8                accl_z
 .bss.g_adc_key
                0x200025fa        0x2 ./app/main.o
                0x200025fa                g_adc_key
 .bss.g_lineR   0x200025fc        0x2 ./app/main.o
                0x200025fc                g_lineR
 .bss.g_lineL   0x200025fe        0x2 ./app/main.o
                0x200025fe                g_lineL
 .bss.g_position
                0x20002600        0x2 ./app/main.o
                0x20002600                g_position
 .bss.g_steering_trim
                0x20002602        0x2 ./app/main.o
                0x20002602                g_steering_trim
 .bss.g_steering
                0x20002604        0x2 ./app/main.o
                0x20002604                g_steering
 .bss.g_cam_expo
                0x20002606        0x2 ./app/main.o
                0x20002606                g_cam_expo
 .bss.tls_buffer_id
                0x20002608        0x1 ./app/cam.o
                0x20002608                tls_buffer_id
 .bss.g_error_steering
                0x20002609        0x1 ./app/main.o
                0x20002609                g_error_steering
 .bss.valWhite  0x2000260a        0x1 ./app/main.o
                0x2000260a                valWhite
 *(SORT_BY_ALIGNMENT(COMMON))
                0x2000260c                . = ALIGN (0x4)
 *fill*         0x2000260b        0x1 
                0x2000260c                _ebss = .
                [!provide]                PROVIDE (end = .)

.noinit         0x2000260c        0x0 load address 0x00009098
                0x2000260c                _noinit = .
 *(SORT_BY_ALIGNMENT(.noinit*))
                0x2000260c                . = ALIGN (0x4)
                0x2000260c                _end_noinit = .
                0x00000400                _HeapSize = 0x400

.heap           0x2000260c      0x400 load address 0x00009098
                0x2000260c                _pvHeapStart = .
                0x20002a0c                . = (. + _HeapSize)
 *fill*         0x2000260c      0x400 
                0x20002a0c                . = ALIGN (0x4)
                0x20002a0c                _pvHeapLimit = .
                0x00000400                _StackSize = 0x400

.heap2stackfill
                0x20002a0c      0x400 load address 0x00009098
                0x20002e0c                . = (. + _StackSize)
 *fill*         0x20002a0c      0x400 

.stack          0x20002c00        0x0
                0x20002c00                _vStackBase = .
                0x20002c00                . = ALIGN (0x4)
                0x20003000                _vStackTop = (. + _StackSize)
                0x00000000                _image_start = LOADADDR (.text)
                0x00009098                _image_end = (LOADADDR (.data) + SIZEOF (.data))
                0x00009098                _image_size = (_image_end - _image_start)
OUTPUT(nxp_cup.axf elf32-littlearm)

.debug_info     0x00000000     0xbfae
 .debug_info    0x00000000      0x49b ./startup/startup_mkl25z4.o
 .debug_info    0x0000049b      0x3fe ./cmsis/system_MKL25Z4.o
 .debug_info    0x00000899      0xcf3 ./bsp/bsp.o
 .debug_info    0x0000158c      0x87a ./bsp/mma.o
 .debug_info    0x00001e06      0x91b ./bsp/oled.o
 .debug_info    0x00002721      0x837 ./app/accl.o
 .debug_info    0x00002f58      0xbea ./app/cam.o
 .debug_info    0x00003b42      0x631 ./app/ctrl.o
 .debug_info    0x00004173      0x117 ./app/delay.o
 .debug_info    0x0000428a      0x5e1 ./app/display.o
 .debug_info    0x0000486b      0x9d0 ./app/main.o
 .debug_info    0x0000523b      0x4b3 ./app/printf-stdarg.o
 .debug_info    0x000056ee      0xd4d ./TraceRecorder/streamports/SEGGER_RTT.o
 .debug_info    0x0000643b      0x30e ./TraceRecorder/streamports/trcStreamingPort.o
 .debug_info    0x00006749      0x773 ./TraceRecorder/trcKernelPort.o
 .debug_info    0x00006ebc     0x1eea ./TraceRecorder/trcStreamingRecorder.o
 .debug_info    0x00008da6      0x338 ./FreeRTOS/portable/MemMang/heap_1.o
 .debug_info    0x000090de      0x424 ./FreeRTOS/portable/GCC/ARM_CM0/port.o
 .debug_info    0x00009502      0x46d ./FreeRTOS/list.o
 .debug_info    0x0000996f     0x1030 ./FreeRTOS/queue.o
 .debug_info    0x0000a99f     0x160f ./FreeRTOS/tasks.o

.debug_abbrev   0x00000000     0x257d
 .debug_abbrev  0x00000000      0x16d ./startup/startup_mkl25z4.o
 .debug_abbrev  0x0000016d      0x13c ./cmsis/system_MKL25Z4.o
 .debug_abbrev  0x000002a9      0x1ab ./bsp/bsp.o
 .debug_abbrev  0x00000454      0x1c4 ./bsp/mma.o
 .debug_abbrev  0x00000618      0x1cf ./bsp/oled.o
 .debug_abbrev  0x000007e7      0x1f6 ./app/accl.o
 .debug_abbrev  0x000009dd      0x273 ./app/cam.o
 .debug_abbrev  0x00000c50      0x180 ./app/ctrl.o
 .debug_abbrev  0x00000dd0       0xca ./app/delay.o
 .debug_abbrev  0x00000e9a      0x19d ./app/display.o
 .debug_abbrev  0x00001037      0x1b5 ./app/main.o
 .debug_abbrev  0x000011ec      0x19a ./app/printf-stdarg.o
 .debug_abbrev  0x00001386      0x1e8 ./TraceRecorder/streamports/SEGGER_RTT.o
 .debug_abbrev  0x0000156e      0x117 ./TraceRecorder/streamports/trcStreamingPort.o
 .debug_abbrev  0x00001685      0x21d ./TraceRecorder/trcKernelPort.o
 .debug_abbrev  0x000018a2      0x343 ./TraceRecorder/trcStreamingRecorder.o
 .debug_abbrev  0x00001be5      0x15f ./FreeRTOS/portable/MemMang/heap_1.o
 .debug_abbrev  0x00001d44      0x205 ./FreeRTOS/portable/GCC/ARM_CM0/port.o
 .debug_abbrev  0x00001f49      0x13e ./FreeRTOS/list.o
 .debug_abbrev  0x00002087      0x233 ./FreeRTOS/queue.o
 .debug_abbrev  0x000022ba      0x2c3 ./FreeRTOS/tasks.o

.debug_aranges  0x00000000      0xb28
 .debug_aranges
                0x00000000      0x160 ./startup/startup_mkl25z4.o
 .debug_aranges
                0x00000160       0x28 ./cmsis/system_MKL25Z4.o
 .debug_aranges
                0x00000188       0x78 ./bsp/bsp.o
 .debug_aranges
                0x00000200       0x48 ./bsp/mma.o
 .debug_aranges
                0x00000248       0x70 ./bsp/oled.o
 .debug_aranges
                0x000002b8       0x38 ./app/accl.o
 .debug_aranges
                0x000002f0       0x48 ./app/cam.o
 .debug_aranges
                0x00000338       0x20 ./app/ctrl.o
 .debug_aranges
                0x00000358       0x28 ./app/delay.o
 .debug_aranges
                0x00000380       0x20 ./app/display.o
 .debug_aranges
                0x000003a0       0x30 ./app/main.o
 .debug_aranges
                0x000003d0       0x50 ./app/printf-stdarg.o
 .debug_aranges
                0x00000420       0xf0 ./TraceRecorder/streamports/SEGGER_RTT.o
 .debug_aranges
                0x00000510       0x28 ./TraceRecorder/streamports/trcStreamingPort.o
 .debug_aranges
                0x00000538       0xb0 ./TraceRecorder/trcKernelPort.o
 .debug_aranges
                0x000005e8      0x188 ./TraceRecorder/trcStreamingRecorder.o
 .debug_aranges
                0x00000770       0x38 ./FreeRTOS/portable/MemMang/heap_1.o
 .debug_aranges
                0x000007a8       0x88 ./FreeRTOS/portable/GCC/ARM_CM0/port.o
 .debug_aranges
                0x00000830       0x40 ./FreeRTOS/list.o
 .debug_aranges
                0x00000870      0x118 ./FreeRTOS/queue.o
 .debug_aranges
                0x00000988      0x1a0 ./FreeRTOS/tasks.o

.debug_ranges   0x00000000      0x9d8
 .debug_ranges  0x00000000      0x150 ./startup/startup_mkl25z4.o
 .debug_ranges  0x00000150       0x18 ./cmsis/system_MKL25Z4.o
 .debug_ranges  0x00000168       0x68 ./bsp/bsp.o
 .debug_ranges  0x000001d0       0x38 ./bsp/mma.o
 .debug_ranges  0x00000208       0x60 ./bsp/oled.o
 .debug_ranges  0x00000268       0x28 ./app/accl.o
 .debug_ranges  0x00000290       0x38 ./app/cam.o
 .debug_ranges  0x000002c8       0x10 ./app/ctrl.o
 .debug_ranges  0x000002d8       0x18 ./app/delay.o
 .debug_ranges  0x000002f0       0x10 ./app/display.o
 .debug_ranges  0x00000300       0x20 ./app/main.o
 .debug_ranges  0x00000320       0x40 ./app/printf-stdarg.o
 .debug_ranges  0x00000360       0xe0 ./TraceRecorder/streamports/SEGGER_RTT.o
 .debug_ranges  0x00000440       0x18 ./TraceRecorder/streamports/trcStreamingPort.o
 .debug_ranges  0x00000458       0xa0 ./TraceRecorder/trcKernelPort.o
 .debug_ranges  0x000004f8      0x178 ./TraceRecorder/trcStreamingRecorder.o
 .debug_ranges  0x00000670       0x28 ./FreeRTOS/portable/MemMang/heap_1.o
 .debug_ranges  0x00000698       0x78 ./FreeRTOS/portable/GCC/ARM_CM0/port.o
 .debug_ranges  0x00000710       0x30 ./FreeRTOS/list.o
 .debug_ranges  0x00000740      0x108 ./FreeRTOS/queue.o
 .debug_ranges  0x00000848      0x190 ./FreeRTOS/tasks.o

.debug_macro    0x00000000     0xbc92
 .debug_macro   0x00000000       0x29 ./startup/startup_mkl25z4.o
 .debug_macro   0x00000029      0xa60 ./startup/startup_mkl25z4.o
 .debug_macro   0x00000a89       0x9a ./cmsis/system_MKL25Z4.o
 .debug_macro   0x00000b23       0x10 ./cmsis/system_MKL25Z4.o
 .debug_macro   0x00000b33       0x3f ./cmsis/system_MKL25Z4.o
 .debug_macro   0x00000b72       0x10 ./cmsis/system_MKL25Z4.o
 .debug_macro   0x00000b82      0x12d ./cmsis/system_MKL25Z4.o
 .debug_macro   0x00000caf      0x5b2 ./cmsis/system_MKL25Z4.o
 .debug_macro   0x00001261       0x34 ./cmsis/system_MKL25Z4.o
 .debug_macro   0x00001295       0x26 ./cmsis/system_MKL25Z4.o
 .debug_macro   0x000012bb      0x329 ./cmsis/system_MKL25Z4.o
 .debug_macro   0x000015e4       0x30 ./cmsis/system_MKL25Z4.o
 .debug_macro   0x00001614     0x51e2 ./cmsis/system_MKL25Z4.o
 .debug_macro   0x000067f6     0x1352 ./cmsis/system_MKL25Z4.o
 .debug_macro   0x00007b48      0x224 ./bsp/bsp.o
 .debug_macro   0x00007d6c      0x10f ./bsp/bsp.o
 .debug_macro   0x00007e7b       0x16 ./bsp/bsp.o
 .debug_macro   0x00007e91      0x13f ./bsp/bsp.o
 .debug_macro   0x00007fd0       0x6a ./bsp/bsp.o
 .debug_macro   0x0000803a       0x43 ./bsp/bsp.o
 .debug_macro   0x0000807d       0x3b ./bsp/bsp.o
 .debug_macro   0x000080b8       0x29 ./bsp/bsp.o
 .debug_macro   0x000080e1       0x40 ./bsp/bsp.o
 .debug_macro   0x00008121      0x11b ./bsp/bsp.o
 .debug_macro   0x0000823c       0x3c ./bsp/bsp.o
 .debug_macro   0x00008278      0x15a ./bsp/bsp.o
 .debug_macro   0x000083d2       0xa6 ./bsp/bsp.o
 .debug_macro   0x00008478       0x10 ./bsp/bsp.o
 .debug_macro   0x00008488       0x1f ./bsp/bsp.o
 .debug_macro   0x000084a7      0x49b ./bsp/bsp.o
 .debug_macro   0x00008942      0x813 ./bsp/bsp.o
 .debug_macro   0x00009155       0xa8 ./bsp/bsp.o
 .debug_macro   0x000091fd       0xb5 ./bsp/bsp.o
 .debug_macro   0x000092b2       0x8c ./bsp/bsp.o
 .debug_macro   0x0000933e       0x91 ./bsp/bsp.o
 .debug_macro   0x000093cf       0x86 ./bsp/bsp.o
 .debug_macro   0x00009455       0x69 ./bsp/bsp.o
 .debug_macro   0x000094be       0x18 ./bsp/bsp.o
 .debug_macro   0x000094d6       0x34 ./bsp/bsp.o
 .debug_macro   0x0000950a      0x11e ./bsp/bsp.o
 .debug_macro   0x00009628       0xd6 ./bsp/bsp.o
 .debug_macro   0x000096fe       0x10 ./bsp/bsp.o
 .debug_macro   0x0000970e      0x220 ./bsp/mma.o
 .debug_macro   0x0000992e      0x22a ./bsp/oled.o
 .debug_macro   0x00009b58      0x224 ./app/accl.o
 .debug_macro   0x00009d7c      0x224 ./app/cam.o
 .debug_macro   0x00009fa0      0x254 ./app/ctrl.o
 .debug_macro   0x0000a1f4       0x92 ./app/delay.o
 .debug_macro   0x0000a286      0x224 ./app/display.o
 .debug_macro   0x0000a4aa      0x22a ./app/main.o
 .debug_macro   0x0000a6d4       0xa2 ./app/printf-stdarg.o
 .debug_macro   0x0000a776       0x16 ./app/printf-stdarg.o
 .debug_macro   0x0000a78c       0x10 ./app/printf-stdarg.o
 .debug_macro   0x0000a79c       0xae ./TraceRecorder/streamports/SEGGER_RTT.o
 .debug_macro   0x0000a84a      0x115 ./TraceRecorder/streamports/SEGGER_RTT.o
 .debug_macro   0x0000a95f      0x155 ./TraceRecorder/streamports/trcStreamingPort.o
 .debug_macro   0x0000aab4       0x3a ./TraceRecorder/streamports/trcStreamingPort.o
 .debug_macro   0x0000aaee      0x183 ./TraceRecorder/trcKernelPort.o
 .debug_macro   0x0000ac71      0x109 ./TraceRecorder/trcKernelPort.o
 .debug_macro   0x0000ad7a      0x36e ./TraceRecorder/trcKernelPort.o
 .debug_macro   0x0000b0e8      0x1b3 ./TraceRecorder/trcStreamingRecorder.o
 .debug_macro   0x0000b29b       0x9a ./TraceRecorder/trcStreamingRecorder.o
 .debug_macro   0x0000b335       0x1c ./TraceRecorder/trcStreamingRecorder.o
 .debug_macro   0x0000b351      0x199 ./FreeRTOS/portable/MemMang/heap_1.o
 .debug_macro   0x0000b4ea       0x28 ./FreeRTOS/portable/MemMang/heap_1.o
 .debug_macro   0x0000b512      0x1c7 ./FreeRTOS/portable/GCC/ARM_CM0/port.o
 .debug_macro   0x0000b6d9      0x178 ./FreeRTOS/list.o
 .debug_macro   0x0000b851      0x1e1 ./FreeRTOS/queue.o
 .debug_macro   0x0000ba32      0x250 ./FreeRTOS/tasks.o
 .debug_macro   0x0000bc82       0x10 ./FreeRTOS/tasks.o

.debug_line     0x00000000     0x78dd
 .debug_line    0x00000000      0x128 ./startup/startup_mkl25z4.o
 .debug_line    0x00000128      0x260 ./cmsis/system_MKL25Z4.o
 .debug_line    0x00000388      0x5ca ./bsp/bsp.o
 .debug_line    0x00000952      0x586 ./bsp/mma.o
 .debug_line    0x00000ed8      0x5f1 ./bsp/oled.o
 .debug_line    0x000014c9      0x4cc ./app/accl.o
 .debug_line    0x00001995      0x59d ./app/cam.o
 .debug_line    0x00001f32      0x534 ./app/ctrl.o
 .debug_line    0x00002466      0x210 ./app/delay.o
 .debug_line    0x00002676      0x4e5 ./app/display.o
 .debug_line    0x00002b5b      0x599 ./app/main.o
 .debug_line    0x000030f4      0x383 ./app/printf-stdarg.o
 .debug_line    0x00003477      0x52a ./TraceRecorder/streamports/SEGGER_RTT.o
 .debug_line    0x000039a1      0x3bd ./TraceRecorder/streamports/trcStreamingPort.o
 .debug_line    0x00003d5e      0x55c ./TraceRecorder/trcKernelPort.o
 .debug_line    0x000042ba      0xd00 ./TraceRecorder/trcStreamingRecorder.o
 .debug_line    0x00004fba      0x429 ./FreeRTOS/portable/MemMang/heap_1.o
 .debug_line    0x000053e3      0x4de ./FreeRTOS/portable/GCC/ARM_CM0/port.o
 .debug_line    0x000058c1      0x42b ./FreeRTOS/list.o
 .debug_line    0x00005cec      0xe27 ./FreeRTOS/queue.o
 .debug_line    0x00006b13      0xdca ./FreeRTOS/tasks.o

.debug_str      0x00000000    0x41c27
 .debug_str     0x00000000     0x3030 ./startup/startup_mkl25z4.o
                               0x3090 (size before relaxing)
 .debug_str     0x00003030    0x2ccaf ./cmsis/system_MKL25Z4.o
                              0x2fb01 (size before relaxing)
 .debug_str     0x0002fcdf     0xe0e1 ./bsp/bsp.o
                              0x36e47 (size before relaxing)
 .debug_str     0x0003ddc0       0x95 ./bsp/mma.o
                              0x36d18 (size before relaxing)
 .debug_str     0x0003de55       0xfa ./bsp/oled.o
                              0x36d7b (size before relaxing)
 .debug_str     0x0003df4f      0x29c ./app/accl.o
                              0x36e7b (size before relaxing)
 .debug_str     0x0003e1eb       0x9b ./app/cam.o
                              0x36f8d (size before relaxing)
 .debug_str     0x0003e286       0xee ./app/ctrl.o
                              0x36ca2 (size before relaxing)
 .debug_str     0x0003e374       0x27 ./app/delay.o
                              0x28c25 (size before relaxing)
 .debug_str     0x0003e39b       0x27 ./app/display.o
                              0x36be8 (size before relaxing)
 .debug_str     0x0003e3c2       0xb4 ./app/main.o
                              0x36d53 (size before relaxing)
 .debug_str     0x0003e476      0x12e ./app/printf-stdarg.o
                              0x28d47 (size before relaxing)
 .debug_str     0x0003e5a4      0x549 ./TraceRecorder/streamports/SEGGER_RTT.o
                               0x3f40 (size before relaxing)
 .debug_str     0x0003eaed       0x83 ./TraceRecorder/streamports/trcStreamingPort.o
                              0x33e8f (size before relaxing)
 .debug_str     0x0003eb70      0x353 ./TraceRecorder/trcKernelPort.o
                              0x35032 (size before relaxing)
 .debug_str     0x0003eec3      0xd88 ./TraceRecorder/trcStreamingRecorder.o
                              0x34d64 (size before relaxing)
 .debug_str     0x0003fc4b      0x1a7 ./FreeRTOS/portable/MemMang/heap_1.o
                              0x3470a (size before relaxing)
 .debug_str     0x0003fdf2      0x3d9 ./FreeRTOS/portable/GCC/ARM_CM0/port.o
                              0x349ae (size before relaxing)
 .debug_str     0x000401cb      0x129 ./FreeRTOS/list.o
                              0x3416f (size before relaxing)
 .debug_str     0x000402f4      0x751 ./FreeRTOS/queue.o
                              0x355c9 (size before relaxing)
 .debug_str     0x00040a45     0x11e2 ./FreeRTOS/tasks.o
                              0x36207 (size before relaxing)

.comment        0x00000000       0x7f
 .comment       0x00000000       0x7f ./startup/startup_mkl25z4.o
                                 0x80 (size before relaxing)
 .comment       0x0000007f       0x80 ./cmsis/system_MKL25Z4.o
 .comment       0x0000007f       0x80 ./bsp/bsp.o
 .comment       0x0000007f       0x80 ./bsp/mma.o
 .comment       0x0000007f       0x80 ./bsp/oled.o
 .comment       0x0000007f       0x80 ./app/accl.o
 .comment       0x0000007f       0x80 ./app/cam.o
 .comment       0x0000007f       0x80 ./app/ctrl.o
 .comment       0x0000007f       0x80 ./app/delay.o
 .comment       0x0000007f       0x80 ./app/display.o
 .comment       0x0000007f       0x80 ./app/main.o
 .comment       0x0000007f       0x80 ./app/printf-stdarg.o
 .comment       0x0000007f       0x80 ./TraceRecorder/streamports/SEGGER_RTT.o
 .comment       0x0000007f       0x80 ./TraceRecorder/streamports/trcStreamingPort.o
 .comment       0x0000007f       0x80 ./TraceRecorder/trcKernelPort.o
 .comment       0x0000007f       0x80 ./TraceRecorder/trcStreamingRecorder.o
 .comment       0x0000007f       0x80 ./FreeRTOS/portable/MemMang/heap_1.o
 .comment       0x0000007f       0x80 ./FreeRTOS/portable/GCC/ARM_CM0/port.o
 .comment       0x0000007f       0x80 ./FreeRTOS/list.o
 .comment       0x0000007f       0x80 ./FreeRTOS/queue.o
 .comment       0x0000007f       0x80 ./FreeRTOS/tasks.o
 .comment       0x0000007f       0x80 c:/nxp/mcuxpressoide_10.3.1_2233/ide/plugins/com.nxp.mcuxpresso.tools.win32_10.3.0.201811011841/tools/bin/../lib/gcc/arm-none-eabi/7.3.1/../../../../arm-none-eabi/lib/thumb/v6-m\libcr_nohost_nf.a(_cr__main.o)
 .comment       0x0000007f       0x80 c:/nxp/mcuxpressoide_10.3.1_2233/ide/plugins/com.nxp.mcuxpresso.tools.win32_10.3.0.201811011841/tools/bin/../lib/gcc/arm-none-eabi/7.3.1/../../../../arm-none-eabi/lib/thumb/v6-m\libcr_c.a(memcpy.o)
 .comment       0x0000007f       0x80 c:/nxp/mcuxpressoide_10.3.1_2233/ide/plugins/com.nxp.mcuxpresso.tools.win32_10.3.0.201811011841/tools/bin/../lib/gcc/arm-none-eabi/7.3.1/../../../../arm-none-eabi/lib/thumb/v6-m\libcr_c.a(memset.o)
 .comment       0x0000007f       0x80 c:/nxp/mcuxpressoide_10.3.1_2233/ide/plugins/com.nxp.mcuxpresso.tools.win32_10.3.0.201811011841/tools/bin/../lib/gcc/arm-none-eabi/7.3.1/../../../../arm-none-eabi/lib/thumb/v6-m\libcr_c.a(initio.o)
 .comment       0x0000007f       0x80 c:/nxp/mcuxpressoide_10.3.1_2233/ide/plugins/com.nxp.mcuxpresso.tools.win32_10.3.0.201811011841/tools/bin/../lib/gcc/arm-none-eabi/7.3.1/../../../../arm-none-eabi/lib/thumb/v6-m\libcr_c.a(setvbuf.o)
 .comment       0x0000007f       0x80 c:/nxp/mcuxpressoide_10.3.1_2233/ide/plugins/com.nxp.mcuxpresso.tools.win32_10.3.0.201811011841/tools/bin/../lib/gcc/arm-none-eabi/7.3.1/../../../../arm-none-eabi/lib/thumb/v6-m\libcr_c.a(stdlib.o)
 .comment       0x0000007f       0x80 c:/nxp/mcuxpressoide_10.3.1_2233/ide/plugins/com.nxp.mcuxpresso.tools.win32_10.3.0.201811011841/tools/bin/../lib/gcc/arm-none-eabi/7.3.1/../../../../arm-none-eabi/lib/thumb/v6-m\libcr_c.a(strcpy.o)
 .comment       0x0000007f       0x80 c:/nxp/mcuxpressoide_10.3.1_2233/ide/plugins/com.nxp.mcuxpresso.tools.win32_10.3.0.201811011841/tools/bin/../lib/gcc/arm-none-eabi/7.3.1/../../../../arm-none-eabi/lib/thumb/v6-m\libcr_c.a(strlen.o)
 .comment       0x0000007f       0x80 c:/nxp/mcuxpressoide_10.3.1_2233/ide/plugins/com.nxp.mcuxpresso.tools.win32_10.3.0.201811011841/tools/bin/../lib/gcc/arm-none-eabi/7.3.1/../../../../arm-none-eabi/lib/thumb/v6-m\libcr_c.a(_deferredlazyseek.o)
 .comment       0x0000007f       0x80 c:/nxp/mcuxpressoide_10.3.1_2233/ide/plugins/com.nxp.mcuxpresso.tools.win32_10.3.0.201811011841/tools/bin/../lib/gcc/arm-none-eabi/7.3.1/../../../../arm-none-eabi/lib/thumb/v6-m\libcr_c.a(_fdopen.o)
 .comment       0x0000007f       0x80 c:/nxp/mcuxpressoide_10.3.1_2233/ide/plugins/com.nxp.mcuxpresso.tools.win32_10.3.0.201811011841/tools/bin/../lib/gcc/arm-none-eabi/7.3.1/../../../../arm-none-eabi/lib/thumb/v6-m\libcr_c.a(_fflush.o)
 .comment       0x0000007f       0x80 c:/nxp/mcuxpressoide_10.3.1_2233/ide/plugins/com.nxp.mcuxpresso.tools.win32_10.3.0.201811011841/tools/bin/../lib/gcc/arm-none-eabi/7.3.1/../../../../arm-none-eabi/lib/thumb/v6-m\libcr_c.a(_writebuf.o)
 .comment       0x0000007f       0x80 c:/nxp/mcuxpressoide_10.3.1_2233/ide/plugins/com.nxp.mcuxpresso.tools.win32_10.3.0.201811011841/tools/bin/../lib/gcc/arm-none-eabi/7.3.1/../../../../arm-none-eabi/lib/thumb/v6-m\libcr_c.a(alloc.o)
 .comment       0x0000007f       0x80 c:/nxp/mcuxpressoide_10.3.1_2233/ide/plugins/com.nxp.mcuxpresso.tools.win32_10.3.0.201811011841/tools/bin/../lib/gcc/arm-none-eabi/7.3.1/../../../../arm-none-eabi/lib/thumb/v6-m\libcr_c.a(errno.o)
 .comment       0x0000007f       0x80 c:/nxp/mcuxpressoide_10.3.1_2233/ide/plugins/com.nxp.mcuxpresso.tools.win32_10.3.0.201811011841/tools/bin/../lib/gcc/arm-none-eabi/7.3.1/../../../../arm-none-eabi/lib/thumb/v6-m\libcr_c.a(fclose.o)
 .comment       0x0000007f       0x80 c:/nxp/mcuxpressoide_10.3.1_2233/ide/plugins/com.nxp.mcuxpresso.tools.win32_10.3.0.201811011841/tools/bin/../lib/gcc/arm-none-eabi/7.3.1/../../../../arm-none-eabi/lib/thumb/v6-m\libcr_c.a(fflush.o)
 .comment       0x0000007f       0x80 c:/nxp/mcuxpressoide_10.3.1_2233/ide/plugins/com.nxp.mcuxpresso.tools.win32_10.3.0.201811011841/tools/bin/../lib/gcc/arm-none-eabi/7.3.1/../../../../arm-none-eabi/lib/thumb/v6-m\libcr_c.a(fseek.o)
 .comment       0x0000007f       0x80 c:/nxp/mcuxpressoide_10.3.1_2233/ide/plugins/com.nxp.mcuxpresso.tools.win32_10.3.0.201811011841/tools/bin/../lib/gcc/arm-none-eabi/7.3.1/../../../../arm-none-eabi/lib/thumb/v6-m\libcr_c.a(ftell.o)
 .comment       0x0000007f       0x80 c:/nxp/mcuxpressoide_10.3.1_2233/ide/plugins/com.nxp.mcuxpresso.tools.win32_10.3.0.201811011841/tools/bin/../lib/gcc/arm-none-eabi/7.3.1/../../../../arm-none-eabi/lib/thumb/v6-m\libcr_c.a(remove.o)
 .comment       0x0000007f       0x80 c:/nxp/mcuxpressoide_10.3.1_2233/ide/plugins/com.nxp.mcuxpresso.tools.win32_10.3.0.201811011841/tools/bin/../lib/gcc/arm-none-eabi/7.3.1/../../../../arm-none-eabi/lib/thumb/v6-m\libcr_c.a(_do_fflush.o)
 .comment       0x0000007f       0x80 c:/nxp/mcuxpressoide_10.3.1_2233/ide/plugins/com.nxp.mcuxpresso.tools.win32_10.3.0.201811011841/tools/bin/../lib/gcc/arm-none-eabi/7.3.1/thumb/v6-m\libcr_eabihelpers.a(double.o)
 .comment       0x0000007f       0x80 c:/nxp/mcuxpressoide_10.3.1_2233/ide/plugins/com.nxp.mcuxpresso.tools.win32_10.3.0.201811011841/tools/bin/../lib/gcc/arm-none-eabi/7.3.1/../../../../arm-none-eabi/lib/thumb/v6-m\libcr_nohost_nf.a(__ciob.o)
 .comment       0x0000007f       0x80 c:/nxp/mcuxpressoide_10.3.1_2233/ide/plugins/com.nxp.mcuxpresso.tools.win32_10.3.0.201811011841/tools/bin/../lib/gcc/arm-none-eabi/7.3.1/../../../../arm-none-eabi/lib/thumb/v6-m\libcr_nohost_nf.a(__sys_close.o)
 .comment       0x0000007f       0x80 c:/nxp/mcuxpressoide_10.3.1_2233/ide/plugins/com.nxp.mcuxpresso.tools.win32_10.3.0.201811011841/tools/bin/../lib/gcc/arm-none-eabi/7.3.1/../../../../arm-none-eabi/lib/thumb/v6-m\libcr_nohost_nf.a(__sys_flen.o)
 .comment       0x0000007f       0x80 c:/nxp/mcuxpressoide_10.3.1_2233/ide/plugins/com.nxp.mcuxpresso.tools.win32_10.3.0.201811011841/tools/bin/../lib/gcc/arm-none-eabi/7.3.1/../../../../arm-none-eabi/lib/thumb/v6-m\libcr_nohost_nf.a(__sys_istty.o)
 .comment       0x0000007f       0x80 c:/nxp/mcuxpressoide_10.3.1_2233/ide/plugins/com.nxp.mcuxpresso.tools.win32_10.3.0.201811011841/tools/bin/../lib/gcc/arm-none-eabi/7.3.1/../../../../arm-none-eabi/lib/thumb/v6-m\libcr_nohost_nf.a(__sys_remove.o)
 .comment       0x0000007f       0x80 c:/nxp/mcuxpressoide_10.3.1_2233/ide/plugins/com.nxp.mcuxpresso.tools.win32_10.3.0.201811011841/tools/bin/../lib/gcc/arm-none-eabi/7.3.1/../../../../arm-none-eabi/lib/thumb/v6-m\libcr_nohost_nf.a(__sys_seek.o)
 .comment       0x0000007f       0x80 c:/nxp/mcuxpressoide_10.3.1_2233/ide/plugins/com.nxp.mcuxpresso.tools.win32_10.3.0.201811011841/tools/bin/../lib/gcc/arm-none-eabi/7.3.1/../../../../arm-none-eabi/lib/thumb/v6-m\libcr_nohost_nf.a(__sys_tmpnam.o)
 .comment       0x0000007f       0x80 c:/nxp/mcuxpressoide_10.3.1_2233/ide/plugins/com.nxp.mcuxpresso.tools.win32_10.3.0.201811011841/tools/bin/../lib/gcc/arm-none-eabi/7.3.1/../../../../arm-none-eabi/lib/thumb/v6-m\libcr_nohost_nf.a(__sys_write.o)

.ARM.attributes
                0x00000000       0x30
 .ARM.attributes
                0x00000000       0x32 ./startup/startup_mkl25z4.o
 .ARM.attributes
                0x00000032       0x32 ./cmsis/system_MKL25Z4.o
 .ARM.attributes
                0x00000064       0x32 ./bsp/bsp.o
 .ARM.attributes
                0x00000096       0x32 ./bsp/mma.o
 .ARM.attributes
                0x000000c8       0x32 ./bsp/oled.o
 .ARM.attributes
                0x000000fa       0x32 ./app/accl.o
 .ARM.attributes
                0x0000012c       0x32 ./app/cam.o
 .ARM.attributes
                0x0000015e       0x32 ./app/ctrl.o
 .ARM.attributes
                0x00000190       0x32 ./app/delay.o
 .ARM.attributes
                0x000001c2       0x32 ./app/display.o
 .ARM.attributes
                0x000001f4       0x32 ./app/main.o
 .ARM.attributes
                0x00000226       0x32 ./app/printf-stdarg.o
 .ARM.attributes
                0x00000258       0x32 ./TraceRecorder/streamports/SEGGER_RTT.o
 .ARM.attributes
                0x0000028a       0x32 ./TraceRecorder/streamports/trcStreamingPort.o
 .ARM.attributes
                0x000002bc       0x32 ./TraceRecorder/trcKernelPort.o
 .ARM.attributes
                0x000002ee       0x32 ./TraceRecorder/trcStreamingRecorder.o
 .ARM.attributes
                0x00000320       0x32 ./FreeRTOS/portable/MemMang/heap_1.o
 .ARM.attributes
                0x00000352       0x32 ./FreeRTOS/portable/GCC/ARM_CM0/port.o
 .ARM.attributes
                0x00000384       0x32 ./FreeRTOS/list.o
 .ARM.attributes
                0x000003b6       0x32 ./FreeRTOS/queue.o
 .ARM.attributes
                0x000003e8       0x32 ./FreeRTOS/tasks.o
 .ARM.attributes
                0x0000041a       0x31 c:/nxp/mcuxpressoide_10.3.1_2233/ide/plugins/com.nxp.mcuxpresso.tools.win32_10.3.0.201811011841/tools/bin/../lib/gcc/arm-none-eabi/7.3.1/../../../../arm-none-eabi/lib/thumb/v6-m\libcr_nohost_nf.a(_cr__main.o)
 .ARM.attributes
                0x0000044b       0x31 c:/nxp/mcuxpressoide_10.3.1_2233/ide/plugins/com.nxp.mcuxpresso.tools.win32_10.3.0.201811011841/tools/bin/../lib/gcc/arm-none-eabi/7.3.1/../../../../arm-none-eabi/lib/thumb/v6-m\libcr_c.a(memcpy.o)
 .ARM.attributes
                0x0000047c       0x31 c:/nxp/mcuxpressoide_10.3.1_2233/ide/plugins/com.nxp.mcuxpresso.tools.win32_10.3.0.201811011841/tools/bin/../lib/gcc/arm-none-eabi/7.3.1/../../../../arm-none-eabi/lib/thumb/v6-m\libcr_c.a(memset.o)
 .ARM.attributes
                0x000004ad       0x31 c:/nxp/mcuxpressoide_10.3.1_2233/ide/plugins/com.nxp.mcuxpresso.tools.win32_10.3.0.201811011841/tools/bin/../lib/gcc/arm-none-eabi/7.3.1/../../../../arm-none-eabi/lib/thumb/v6-m\libcr_c.a(initio.o)
 .ARM.attributes
                0x000004de       0x31 c:/nxp/mcuxpressoide_10.3.1_2233/ide/plugins/com.nxp.mcuxpresso.tools.win32_10.3.0.201811011841/tools/bin/../lib/gcc/arm-none-eabi/7.3.1/../../../../arm-none-eabi/lib/thumb/v6-m\libcr_c.a(setvbuf.o)
 .ARM.attributes
                0x0000050f       0x31 c:/nxp/mcuxpressoide_10.3.1_2233/ide/plugins/com.nxp.mcuxpresso.tools.win32_10.3.0.201811011841/tools/bin/../lib/gcc/arm-none-eabi/7.3.1/../../../../arm-none-eabi/lib/thumb/v6-m\libcr_c.a(stdlib.o)
 .ARM.attributes
                0x00000540       0x31 c:/nxp/mcuxpressoide_10.3.1_2233/ide/plugins/com.nxp.mcuxpresso.tools.win32_10.3.0.201811011841/tools/bin/../lib/gcc/arm-none-eabi/7.3.1/../../../../arm-none-eabi/lib/thumb/v6-m\libcr_c.a(strcpy.o)
 .ARM.attributes
                0x00000571       0x31 c:/nxp/mcuxpressoide_10.3.1_2233/ide/plugins/com.nxp.mcuxpresso.tools.win32_10.3.0.201811011841/tools/bin/../lib/gcc/arm-none-eabi/7.3.1/../../../../arm-none-eabi/lib/thumb/v6-m\libcr_c.a(strlen.o)
 .ARM.attributes
                0x000005a2       0x31 c:/nxp/mcuxpressoide_10.3.1_2233/ide/plugins/com.nxp.mcuxpresso.tools.win32_10.3.0.201811011841/tools/bin/../lib/gcc/arm-none-eabi/7.3.1/../../../../arm-none-eabi/lib/thumb/v6-m\libcr_c.a(_deferredlazyseek.o)
 .ARM.attributes
                0x000005d3       0x31 c:/nxp/mcuxpressoide_10.3.1_2233/ide/plugins/com.nxp.mcuxpresso.tools.win32_10.3.0.201811011841/tools/bin/../lib/gcc/arm-none-eabi/7.3.1/../../../../arm-none-eabi/lib/thumb/v6-m\libcr_c.a(_fdopen.o)
 .ARM.attributes
                0x00000604       0x31 c:/nxp/mcuxpressoide_10.3.1_2233/ide/plugins/com.nxp.mcuxpresso.tools.win32_10.3.0.201811011841/tools/bin/../lib/gcc/arm-none-eabi/7.3.1/../../../../arm-none-eabi/lib/thumb/v6-m\libcr_c.a(_fflush.o)
 .ARM.attributes
                0x00000635       0x31 c:/nxp/mcuxpressoide_10.3.1_2233/ide/plugins/com.nxp.mcuxpresso.tools.win32_10.3.0.201811011841/tools/bin/../lib/gcc/arm-none-eabi/7.3.1/../../../../arm-none-eabi/lib/thumb/v6-m\libcr_c.a(_writebuf.o)
 .ARM.attributes
                0x00000666       0x31 c:/nxp/mcuxpressoide_10.3.1_2233/ide/plugins/com.nxp.mcuxpresso.tools.win32_10.3.0.201811011841/tools/bin/../lib/gcc/arm-none-eabi/7.3.1/../../../../arm-none-eabi/lib/thumb/v6-m\libcr_c.a(alloc.o)
 .ARM.attributes
                0x00000697       0x31 c:/nxp/mcuxpressoide_10.3.1_2233/ide/plugins/com.nxp.mcuxpresso.tools.win32_10.3.0.201811011841/tools/bin/../lib/gcc/arm-none-eabi/7.3.1/../../../../arm-none-eabi/lib/thumb/v6-m\libcr_c.a(errno.o)
 .ARM.attributes
                0x000006c8       0x31 c:/nxp/mcuxpressoide_10.3.1_2233/ide/plugins/com.nxp.mcuxpresso.tools.win32_10.3.0.201811011841/tools/bin/../lib/gcc/arm-none-eabi/7.3.1/../../../../arm-none-eabi/lib/thumb/v6-m\libcr_c.a(fclose.o)
 .ARM.attributes
                0x000006f9       0x31 c:/nxp/mcuxpressoide_10.3.1_2233/ide/plugins/com.nxp.mcuxpresso.tools.win32_10.3.0.201811011841/tools/bin/../lib/gcc/arm-none-eabi/7.3.1/../../../../arm-none-eabi/lib/thumb/v6-m\libcr_c.a(fflush.o)
 .ARM.attributes
                0x0000072a       0x31 c:/nxp/mcuxpressoide_10.3.1_2233/ide/plugins/com.nxp.mcuxpresso.tools.win32_10.3.0.201811011841/tools/bin/../lib/gcc/arm-none-eabi/7.3.1/../../../../arm-none-eabi/lib/thumb/v6-m\libcr_c.a(fseek.o)
 .ARM.attributes
                0x0000075b       0x31 c:/nxp/mcuxpressoide_10.3.1_2233/ide/plugins/com.nxp.mcuxpresso.tools.win32_10.3.0.201811011841/tools/bin/../lib/gcc/arm-none-eabi/7.3.1/../../../../arm-none-eabi/lib/thumb/v6-m\libcr_c.a(ftell.o)
 .ARM.attributes
                0x0000078c       0x31 c:/nxp/mcuxpressoide_10.3.1_2233/ide/plugins/com.nxp.mcuxpresso.tools.win32_10.3.0.201811011841/tools/bin/../lib/gcc/arm-none-eabi/7.3.1/../../../../arm-none-eabi/lib/thumb/v6-m\libcr_c.a(remove.o)
 .ARM.attributes
                0x000007bd       0x31 c:/nxp/mcuxpressoide_10.3.1_2233/ide/plugins/com.nxp.mcuxpresso.tools.win32_10.3.0.201811011841/tools/bin/../lib/gcc/arm-none-eabi/7.3.1/../../../../arm-none-eabi/lib/thumb/v6-m\libcr_c.a(_do_fflush.o)
 .ARM.attributes
                0x000007ee       0x21 c:/nxp/mcuxpressoide_10.3.1_2233/ide/plugins/com.nxp.mcuxpresso.tools.win32_10.3.0.201811011841/tools/bin/../lib/gcc/arm-none-eabi/7.3.1/thumb/v6-m\libcr_eabihelpers.a(division_32.o)
 .ARM.attributes
                0x0000080f       0x21 c:/nxp/mcuxpressoide_10.3.1_2233/ide/plugins/com.nxp.mcuxpresso.tools.win32_10.3.0.201811011841/tools/bin/../lib/gcc/arm-none-eabi/7.3.1/thumb/v6-m\libcr_eabihelpers.a(division_idiv0.o)
 .ARM.attributes
                0x00000830       0x31 c:/nxp/mcuxpressoide_10.3.1_2233/ide/plugins/com.nxp.mcuxpresso.tools.win32_10.3.0.201811011841/tools/bin/../lib/gcc/arm-none-eabi/7.3.1/thumb/v6-m\libcr_eabihelpers.a(double.o)
 .ARM.attributes
                0x00000861       0x21 c:/nxp/mcuxpressoide_10.3.1_2233/ide/plugins/com.nxp.mcuxpresso.tools.win32_10.3.0.201811011841/tools/bin/../lib/gcc/arm-none-eabi/7.3.1/thumb/v6-m\libcr_eabihelpers.a(llong.o)
 .ARM.attributes
                0x00000882       0x21 c:/nxp/mcuxpressoide_10.3.1_2233/ide/plugins/com.nxp.mcuxpresso.tools.win32_10.3.0.201811011841/tools/bin/../lib/gcc/arm-none-eabi/7.3.1/thumb/v6-m\libcr_eabihelpers.a(memcpy.o)
 .ARM.attributes
                0x000008a3       0x31 c:/nxp/mcuxpressoide_10.3.1_2233/ide/plugins/com.nxp.mcuxpresso.tools.win32_10.3.0.201811011841/tools/bin/../lib/gcc/arm-none-eabi/7.3.1/../../../../arm-none-eabi/lib/thumb/v6-m\libcr_nohost_nf.a(__ciob.o)
 .ARM.attributes
                0x000008d4       0x31 c:/nxp/mcuxpressoide_10.3.1_2233/ide/plugins/com.nxp.mcuxpresso.tools.win32_10.3.0.201811011841/tools/bin/../lib/gcc/arm-none-eabi/7.3.1/../../../../arm-none-eabi/lib/thumb/v6-m\libcr_nohost_nf.a(__sys_close.o)
 .ARM.attributes
                0x00000905       0x31 c:/nxp/mcuxpressoide_10.3.1_2233/ide/plugins/com.nxp.mcuxpresso.tools.win32_10.3.0.201811011841/tools/bin/../lib/gcc/arm-none-eabi/7.3.1/../../../../arm-none-eabi/lib/thumb/v6-m\libcr_nohost_nf.a(__sys_flen.o)
 .ARM.attributes
                0x00000936       0x31 c:/nxp/mcuxpressoide_10.3.1_2233/ide/plugins/com.nxp.mcuxpresso.tools.win32_10.3.0.201811011841/tools/bin/../lib/gcc/arm-none-eabi/7.3.1/../../../../arm-none-eabi/lib/thumb/v6-m\libcr_nohost_nf.a(__sys_istty.o)
 .ARM.attributes
                0x00000967       0x31 c:/nxp/mcuxpressoide_10.3.1_2233/ide/plugins/com.nxp.mcuxpresso.tools.win32_10.3.0.201811011841/tools/bin/../lib/gcc/arm-none-eabi/7.3.1/../../../../arm-none-eabi/lib/thumb/v6-m\libcr_nohost_nf.a(__sys_remove.o)
 .ARM.attributes
                0x00000998       0x31 c:/nxp/mcuxpressoide_10.3.1_2233/ide/plugins/com.nxp.mcuxpresso.tools.win32_10.3.0.201811011841/tools/bin/../lib/gcc/arm-none-eabi/7.3.1/../../../../arm-none-eabi/lib/thumb/v6-m\libcr_nohost_nf.a(__sys_seek.o)
 .ARM.attributes
                0x000009c9       0x31 c:/nxp/mcuxpressoide_10.3.1_2233/ide/plugins/com.nxp.mcuxpresso.tools.win32_10.3.0.201811011841/tools/bin/../lib/gcc/arm-none-eabi/7.3.1/../../../../arm-none-eabi/lib/thumb/v6-m\libcr_nohost_nf.a(__sys_tmpnam.o)
 .ARM.attributes
                0x000009fa       0x31 c:/nxp/mcuxpressoide_10.3.1_2233/ide/plugins/com.nxp.mcuxpresso.tools.win32_10.3.0.201811011841/tools/bin/../lib/gcc/arm-none-eabi/7.3.1/../../../../arm-none-eabi/lib/thumb/v6-m\libcr_nohost_nf.a(__sys_write.o)

.debug_frame    0x00000000     0x23d4
 .debug_frame   0x00000000      0x3b0 ./startup/startup_mkl25z4.o
 .debug_frame   0x000003b0       0x4c ./cmsis/system_MKL25Z4.o
 .debug_frame   0x000003fc      0x164 ./bsp/bsp.o
 .debug_frame   0x00000560       0xc8 ./bsp/mma.o
 .debug_frame   0x00000628      0x164 ./bsp/oled.o
 .debug_frame   0x0000078c       0x94 ./app/accl.o
 .debug_frame   0x00000820       0xd4 ./app/cam.o
 .debug_frame   0x000008f4       0x34 ./app/ctrl.o
 .debug_frame   0x00000928       0x50 ./app/delay.o
 .debug_frame   0x00000978       0x34 ./app/display.o
 .debug_frame   0x000009ac       0x70 ./app/main.o
 .debug_frame   0x00000a1c      0x100 ./app/printf-stdarg.o
 .debug_frame   0x00000b1c      0x36c ./TraceRecorder/streamports/SEGGER_RTT.o
 .debug_frame   0x00000e88       0x50 ./TraceRecorder/streamports/trcStreamingPort.o
 .debug_frame   0x00000ed8      0x264 ./TraceRecorder/trcKernelPort.o
 .debug_frame   0x0000113c      0x5c4 ./TraceRecorder/trcStreamingRecorder.o
 .debug_frame   0x00001700       0x88 ./FreeRTOS/portable/MemMang/heap_1.o
 .debug_frame   0x00001788      0x174 ./FreeRTOS/portable/GCC/ARM_CM0/port.o
 .debug_frame   0x000018fc       0xb0 ./FreeRTOS/list.o
 .debug_frame   0x000019ac      0x410 ./FreeRTOS/queue.o
 .debug_frame   0x00001dbc      0x618 ./FreeRTOS/tasks.o
